Archive member included to satisfy reference by file (symbol)

f:/st/stm32cubeide_1.1.0/stm32cubeide/plugins/com.st.stm32cube.ide.mcu.externaltools.gnu-tools-for-stm32.10.3-2021.10.win32_1.0.100.202210260954/tools/bin/../lib/gcc/arm-none-eabi/10.3.1/../../../../arm-none-eabi/lib/thumb/v7e-m+fp/hard\libc_nano.a(lib_a-calloc.o)
                              ./Core/Src/main.o (calloc)
f:/st/stm32cubeide_1.1.0/stm32cubeide/plugins/com.st.stm32cube.ide.mcu.externaltools.gnu-tools-for-stm32.10.3-2021.10.win32_1.0.100.202210260954/tools/bin/../lib/gcc/arm-none-eabi/10.3.1/../../../../arm-none-eabi/lib/thumb/v7e-m+fp/hard\libc_nano.a(lib_a-errno.o)
                              ./Core/Src/syscalls.o (__errno)
f:/st/stm32cubeide_1.1.0/stm32cubeide/plugins/com.st.stm32cube.ide.mcu.externaltools.gnu-tools-for-stm32.10.3-2021.10.win32_1.0.100.202210260954/tools/bin/../lib/gcc/arm-none-eabi/10.3.1/../../../../arm-none-eabi/lib/thumb/v7e-m+fp/hard\libc_nano.a(lib_a-exit.o)
                              f:/st/stm32cubeide_1.1.0/stm32cubeide/plugins/com.st.stm32cube.ide.mcu.externaltools.gnu-tools-for-stm32.10.3-2021.10.win32_1.0.100.202210260954/tools/bin/../lib/gcc/arm-none-eabi/10.3.1/../../../../arm-none-eabi/lib/thumb/v7e-m+fp/hard/crt0.o (exit)
f:/st/stm32cubeide_1.1.0/stm32cubeide/plugins/com.st.stm32cube.ide.mcu.externaltools.gnu-tools-for-stm32.10.3-2021.10.win32_1.0.100.202210260954/tools/bin/../lib/gcc/arm-none-eabi/10.3.1/../../../../arm-none-eabi/lib/thumb/v7e-m+fp/hard\libc_nano.a(lib_a-impure.o)
                              f:/st/stm32cubeide_1.1.0/stm32cubeide/plugins/com.st.stm32cube.ide.mcu.externaltools.gnu-tools-for-stm32.10.3-2021.10.win32_1.0.100.202210260954/tools/bin/../lib/gcc/arm-none-eabi/10.3.1/../../../../arm-none-eabi/lib/thumb/v7e-m+fp/hard\libc_nano.a(lib_a-exit.o) (_global_impure_ptr)
f:/st/stm32cubeide_1.1.0/stm32cubeide/plugins/com.st.stm32cube.ide.mcu.externaltools.gnu-tools-for-stm32.10.3-2021.10.win32_1.0.100.202210260954/tools/bin/../lib/gcc/arm-none-eabi/10.3.1/../../../../arm-none-eabi/lib/thumb/v7e-m+fp/hard\libc_nano.a(lib_a-init.o)
                              f:/st/stm32cubeide_1.1.0/stm32cubeide/plugins/com.st.stm32cube.ide.mcu.externaltools.gnu-tools-for-stm32.10.3-2021.10.win32_1.0.100.202210260954/tools/bin/../lib/gcc/arm-none-eabi/10.3.1/../../../../arm-none-eabi/lib/thumb/v7e-m+fp/hard/crt0.o (__libc_init_array)
f:/st/stm32cubeide_1.1.0/stm32cubeide/plugins/com.st.stm32cube.ide.mcu.externaltools.gnu-tools-for-stm32.10.3-2021.10.win32_1.0.100.202210260954/tools/bin/../lib/gcc/arm-none-eabi/10.3.1/../../../../arm-none-eabi/lib/thumb/v7e-m+fp/hard\libc_nano.a(lib_a-malloc.o)
                              ./Core/Src/main.o (malloc)
f:/st/stm32cubeide_1.1.0/stm32cubeide/plugins/com.st.stm32cube.ide.mcu.externaltools.gnu-tools-for-stm32.10.3-2021.10.win32_1.0.100.202210260954/tools/bin/../lib/gcc/arm-none-eabi/10.3.1/../../../../arm-none-eabi/lib/thumb/v7e-m+fp/hard\libc_nano.a(lib_a-memcpy-stub.o)
                              ./Core/Src/main.o (memcpy)
f:/st/stm32cubeide_1.1.0/stm32cubeide/plugins/com.st.stm32cube.ide.mcu.externaltools.gnu-tools-for-stm32.10.3-2021.10.win32_1.0.100.202210260954/tools/bin/../lib/gcc/arm-none-eabi/10.3.1/../../../../arm-none-eabi/lib/thumb/v7e-m+fp/hard\libc_nano.a(lib_a-memmove.o)
                              ./MP3Helix/src/mp3dec.o (memmove)
f:/st/stm32cubeide_1.1.0/stm32cubeide/plugins/com.st.stm32cube.ide.mcu.externaltools.gnu-tools-for-stm32.10.3-2021.10.win32_1.0.100.202210260954/tools/bin/../lib/gcc/arm-none-eabi/10.3.1/../../../../arm-none-eabi/lib/thumb/v7e-m+fp/hard\libc_nano.a(lib_a-memset.o)
                              f:/st/stm32cubeide_1.1.0/stm32cubeide/plugins/com.st.stm32cube.ide.mcu.externaltools.gnu-tools-for-stm32.10.3-2021.10.win32_1.0.100.202210260954/tools/bin/../lib/gcc/arm-none-eabi/10.3.1/../../../../arm-none-eabi/lib/thumb/v7e-m+fp/hard/crt0.o (memset)
f:/st/stm32cubeide_1.1.0/stm32cubeide/plugins/com.st.stm32cube.ide.mcu.externaltools.gnu-tools-for-stm32.10.3-2021.10.win32_1.0.100.202210260954/tools/bin/../lib/gcc/arm-none-eabi/10.3.1/../../../../arm-none-eabi/lib/thumb/v7e-m+fp/hard\libc_nano.a(lib_a-nano-callocr.o)
                              f:/st/stm32cubeide_1.1.0/stm32cubeide/plugins/com.st.stm32cube.ide.mcu.externaltools.gnu-tools-for-stm32.10.3-2021.10.win32_1.0.100.202210260954/tools/bin/../lib/gcc/arm-none-eabi/10.3.1/../../../../arm-none-eabi/lib/thumb/v7e-m+fp/hard\libc_nano.a(lib_a-calloc.o) (_calloc_r)
f:/st/stm32cubeide_1.1.0/stm32cubeide/plugins/com.st.stm32cube.ide.mcu.externaltools.gnu-tools-for-stm32.10.3-2021.10.win32_1.0.100.202210260954/tools/bin/../lib/gcc/arm-none-eabi/10.3.1/../../../../arm-none-eabi/lib/thumb/v7e-m+fp/hard\libc_nano.a(lib_a-nano-freer.o)
[...]
Memory Configuration

Name             Origin             Length             Attributes
RAM              0x0000000020000000 0x0000000000010000 xrw
FLASH            0x0000000008000000 0x0000000000040000 xr
*default*        0x0000000000000000 0xffffffffffffffff

Linker script and memory map

LOAD f:/st/stm32cubeide_1.1.0/stm32cubeide/plugins/com.st.stm32cube.ide.mcu.externaltools.gnu-tools-for-stm32.10.3-2021.10.win32_1.0.100.202210260954/tools/bin/../lib/gcc/arm-none-eabi/10.3.1/thumb/v7e-m+fp/hard/crti.o
LOAD f:/st/stm32cubeide_1.1.0/stm32cubeide/plugins/com.st.stm32cube.ide.mcu.externaltools.gnu-tools-for-stm32.10.3-2021.10.win32_1.0.100.202210260954/tools/bin/../lib/gcc/arm-none-eabi/10.3.1/thumb/v7e-m+fp/hard/crtbegin.o
LOAD f:/st/stm32cubeide_1.1.0/stm32cubeide/plugins/com.st.stm32cube.ide.mcu.externaltools.gnu-tools-for-stm32.10.3-2021.10.win32_1.0.100.202210260954/tools/bin/../lib/gcc/arm-none-eabi/10.3.1/../../../../arm-none-eabi/lib/thumb/v7e-m+fp/hard/crt0.o
LOAD ./Core/Src/main.o
LOAD ./Core/Src/stm32f4xx_it.o
LOAD ./Core/Src/syscalls.o
LOAD ./Core/Src/sysmem.o
LOAD ./Core/Src/system_stm32f4xx.o
LOAD ./Core/Startup/startup_stm32f401ccux.o
LOAD ./Display/display.o
LOAD ./Display/fonts.o
LOAD ./Display/ili9341.o
LOAD ./Display/st7789.o
LOAD ./Drivers/STM32F4xx_HAL_Driver/Src/stm32f4xx_ll_dma.o
LOAD ./Drivers/STM32F4xx_HAL_Driver/Src/stm32f4xx_ll_exti.o
LOAD ./Drivers/STM32F4xx_HAL_Driver/Src/stm32f4xx_ll_gpio.o
LOAD ./Drivers/STM32F4xx_HAL_Driver/Src/stm32f4xx_ll_rcc.o
LOAD ./Drivers/STM32F4xx_HAL_Driver/Src/stm32f4xx_ll_spi.o
LOAD ./Drivers/STM32F4xx_HAL_Driver/Src/stm32f4xx_ll_tim.o
LOAD ./Drivers/STM32F4xx_HAL_Driver/Src/stm32f4xx_ll_utils.o
LOAD ./MP3Helix/src/asmpoly_thumb2.o
LOAD ./MP3Helix/src/bitstream.o
LOAD ./MP3Helix/src/buffers.o
LOAD ./MP3Helix/src/dct32.o
LOAD ./MP3Helix/src/dequant.o
LOAD ./MP3Helix/src/dqchan.o
LOAD ./MP3Helix/src/huffman.o
LOAD ./MP3Helix/src/hufftabs.o
LOAD ./MP3Helix/src/imdct.o
LOAD ./MP3Helix/src/mp3dec.o
LOAD ./MP3Helix/src/mp3tabs.o
LOAD ./MP3Helix/src/scalfact.o
LOAD ./MP3Helix/src/stproc.o
LOAD ./MP3Helix/src/subband.o
LOAD ./MP3Helix/src/trigtabs.o
LOAD ./Music/mp3_callback.o
LOAD ./Music/mus_data.o
LOAD ./Music/player.o
LOAD ./Music/wav_callback.o
LOAD ./PCM5102/pcm5102.o
LOAD ./XPT2046/calibrate_touch.o
LOAD ./XPT2046/demo.o
LOAD ./XPT2046/xpt2046.o
START GROUP
LOAD f:/st/stm32cubeide_1.1.0/stm32cubeide/plugins/com.st.stm32cube.ide.mcu.externaltools.gnu-tools-for-stm32.10.3-2021.10.win32_1.0.100.202210260954/tools/bin/../lib/gcc/arm-none-eabi/10.3.1/../../../../arm-none-eabi/lib/thumb/v7e-m+fp/hard\libc_nano.a
LOAD f:/st/stm32cubeide_1.1.0/stm32cubeide/plugins/com.st.stm32cube.ide.mcu.externaltools.gnu-tools-for-stm32.10.3-2021.10.win32_1.0.100.202210260954/tools/bin/../lib/gcc/arm-none-eabi/10.3.1/../../../../arm-none-eabi/lib/thumb/v7e-m+fp/hard\libm.a
END GROUP
START GROUP
LOAD f:/st/stm32cubeide_1.1.0/stm32cubeide/plugins/com.st.stm32cube.ide.mcu.externaltools.gnu-tools-for-stm32.10.3-2021.10.win32_1.0.100.202210260954/tools/bin/../lib/gcc/arm-none-eabi/10.3.1/thumb/v7e-m+fp/hard\libgcc.a
LOAD f:/st/stm32cubeide_1.1.0/stm32cubeide/plugins/com.st.stm32cube.ide.mcu.externaltools.gnu-tools-for-stm32.10.3-2021.10.win32_1.0.100.202210260954/tools/bin/../lib/gcc/arm-none-eabi/10.3.1/../../../../arm-none-eabi/lib/thumb/v7e-m+fp/hard\libc_nano.a
END GROUP
START GROUP
LOAD f:/st/stm32cubeide_1.1.0/stm32cubeide/plugins/com.st.stm32cube.ide.mcu.externaltools.gnu-tools-for-stm32.10.3-2021.10.win32_1.0.100.202210260954/tools/bin/../lib/gcc/arm-none-eabi/10.3.1/thumb/v7e-m+fp/hard\libgcc.a
LOAD f:/st/stm32cubeide_1.1.0/stm32cubeide/plugins/com.st.stm32cube.ide.mcu.externaltools.gnu-tools-for-stm32.10.3-2021.10.win32_1.0.100.202210260954/tools/bin/../lib/gcc/arm-none-eabi/10.3.1/../../../../arm-none-eabi/lib/thumb/v7e-m+fp/hard\libc_nano.a
LOAD f:/st/stm32cubeide_1.1.0/stm32cubeide/plugins/com.st.stm32cube.ide.mcu.externaltools.gnu-tools-for-stm32.10.3-2021.10.win32_1.0.100.202210260954/tools/bin/../lib/gcc/arm-none-eabi/10.3.1/../../../../arm-none-eabi/lib/thumb/v7e-m+fp/hard\libnosys.a
END GROUP
START GROUP
LOAD f:/st/stm32cubeide_1.1.0/stm32cubeide/plugins/com.st.stm32cube.ide.mcu.externaltools.gnu-tools-for-stm32.10.3-2021.10.win32_1.0.100.202210260954/tools/bin/../lib/gcc/arm-none-eabi/10.3.1/thumb/v7e-m+fp/hard\libgcc.a
LOAD f:/st/stm32cubeide_1.1.0/stm32cubeide/plugins/com.st.stm32cube.ide.mcu.externaltools.gnu-tools-for-stm32.10.3-2021.10.win32_1.0.100.202210260954/tools/bin/../lib/gcc/arm-none-eabi/10.3.1/../../../../arm-none-eabi/lib/thumb/v7e-m+fp/hard\libc_nano.a
LOAD f:/st/stm32cubeide_1.1.0/stm32cubeide/plugins/com.st.stm32cube.ide.mcu.externaltools.gnu-tools-for-stm32.10.3-2021.10.win32_1.0.100.202210260954/tools/bin/../lib/gcc/arm-none-eabi/10.3.1/../../../../arm-none-eabi/lib/thumb/v7e-m+fp/hard\libnosys.a
END GROUP
LOAD f:/st/stm32cubeide_1.1.0/stm32cubeide/plugins/com.st.stm32cube.ide.mcu.externaltools.gnu-tools-for-stm32.10.3-2021.10.win32_1.0.100.202210260954/tools/bin/../lib/gcc/arm-none-eabi/10.3.1/thumb/v7e-m+fp/hard/crtend.o
LOAD f:/st/stm32cubeide_1.1.0/stm32cubeide/plugins/com.st.stm32cube.ide.mcu.externaltools.gnu-tools-for-stm32.10.3-2021.10.win32_1.0.100.202210260954/tools/bin/../lib/gcc/arm-none-eabi/10.3.1/thumb/v7e-m+fp/hard/crtn.o
                0x0000000020010000                _estack = (ORIGIN (RAM) + LENGTH (RAM))
                0x0000000000000200                _Min_Heap_Size = 0x200
                0x0000000000000400                _Min_Stack_Size = 0x400

.isr_vector     0x0000000008000000      0x194
                0x0000000008000000                . = ALIGN (0x4)
 *(.isr_vector)
 .isr_vector    0x0000000008000000      0x194 ./Core/Startup/startup_stm32f401ccux.o
                0x0000000008000000                g_pfnVectors
                0x0000000008000194                . = ALIGN (0x4)

.text           0x00000000080001a0     0xec34
                0x00000000080001a0                . = ALIGN (0x4)
 *(.text)
 .text          0x00000000080001a0       0x40 f:/st/stm32cubeide_1.1.0/stm32cubeide/plugins/com.st.stm32cube.ide.mcu.externaltools.gnu-tools-for-stm32.10.3-2021.10.win32_1.0.100.202210260954/tools/bin/../lib/gcc/arm-none-eabi/10.3.1/thumb/v7e-m+fp/hard/crtbegin.o
 .text          0x00000000080001e0      0x796 ./MP3Helix/src/asmpoly_thumb2.o
                0x00000000080001e0                xmp3_PolyphaseStereo
                0x00000000080006ac                xmp3_PolyphaseMono
 .text          0x0000000008000976       0x10 f:/st/stm32cubeide_1.1.0/stm32cubeide/plugins/com.st.stm32cube.ide.mcu.externaltools.gnu-tools-for-stm32.10.3-2021.10.win32_1.0.100.202210260954/tools/bin/../lib/gcc/arm-none-eabi/10.3.1/../../../../arm-none-eabi/lib/thumb/v7e-m+fp/hard\libc_nano.a(lib_a-strlen.o)
                0x0000000008000976                strlen
 *fill*         0x0000000008000986        0xa 
 .text          0x0000000008000990       0xa0 f:/st/stm32cubeide_1.1.0/stm32cubeide/plugins/com.st.stm32cube.ide.mcu.externaltools.gnu-tools-for-stm32.10.3-2021.10.win32_1.0.100.202210260954/tools/bin/../lib/gcc/arm-none-eabi/10.3.1/../../../../arm-none-eabi/lib/thumb/v7e-m+fp/hard\libc_nano.a(lib_a-memchr.o)
                0x0000000008000990                memchr
 .text          0x0000000008000a30       0xa0 f:/st/stm32cubeide_1.1.0/stm32cubeide/plugins/com.st.stm32cube.ide.mcu.externaltools.gnu-tools-for-stm32.10.3-2021.10.win32_1.0.100.202210260954/tools/bin/../lib/gcc/arm-none-eabi/10.3.1/thumb/v7e-m+fp/hard\libgcc.a(_aeabi_ldivmod.o)
                0x0000000008000a30                __aeabi_ldivmod
 .text          0x0000000008000ad0      0x2d0 f:/st/stm32cubeide_1.1.0/stm32cubeide/plugins/com.st.stm32cube.ide.mcu.externaltools.gnu-tools-for-stm32.10.3-2021.10.win32_1.0.100.202210260954/tools/bin/../lib/gcc/arm-none-eabi/10.3.1/thumb/v7e-m+fp/hard\libgcc.a(_udivmoddi4.o)
                0x0000000008000ad0                __udivmoddi4
 .text          0x0000000008000da0        0x4 f:/st/stm32cubeide_1.1.0/stm32cubeide/plugins/com.st.stm32cube.ide.mcu.externaltools.gnu-tools-for-stm32.10.3-2021.10.win32_1.0.100.202210260954/tools/bin/../lib/gcc/arm-none-eabi/10.3.1/thumb/v7e-m+fp/hard\libgcc.a(_dvmd_tls.o)
                0x0000000008000da0                __aeabi_idiv0
                0x0000000008000da0                __aeabi_ldiv0
 *(.text*)
 .text.DrawSym.constprop.2
                0x0000000008000da4      0x2b8 ./Core/Src/main.o
 .text.DrawSym.constprop.3
                0x000000000800105c      0x408 ./Core/Src/main.o
 .text.ScanField.constprop.1
                0x0000000008001464      0x1d8 ./Core/Src/main.o
 .text.GameLogic
                0x000000000800163c      0x3c0 ./Core/Src/main.o
 .text.TicTacToe_DemoGame
                0x00000000080019fc     0x1e58 ./Core/Src/main.o
                0x00000000080019fc                TicTacToe_DemoGame
 .text.SystemClock_Config
                0x0000000008003854       0xcc ./Core/Src/main.o
                0x0000000008003854                SystemClock_Config
 .text.startup.main
                0x0000000008003920      0x5b8 ./Core/Src/main.o
                0x0000000008003920                main
 .text.NMI_Handler
                0x0000000008003ed8        0x4 ./Core/Src/stm32f4xx_it.o
                0x0000000008003ed8                NMI_Handler
 .text.HardFault_Handler
                0x0000000008003edc        0x4 ./Core/Src/stm32f4xx_it.o
                0x0000000008003edc                HardFault_Handler
 .text.MemManage_Handler
                0x0000000008003ee0        0x4 ./Core/Src/stm32f4xx_it.o
                0x0000000008003ee0                MemManage_Handler
 .text.BusFault_Handler
                0x0000000008003ee4        0x4 ./Core/Src/stm32f4xx_it.o
                0x0000000008003ee4                BusFault_Handler
 .text.UsageFault_Handler
                0x0000000008003ee8        0x4 ./Core/Src/stm32f4xx_it.o
                0x0000000008003ee8                UsageFault_Handler
 .text.SVC_Handler
                0x0000000008003eec        0x4 ./Core/Src/stm32f4xx_it.o
                0x0000000008003eec                SVC_Handler
 .text.DebugMon_Handler
                0x0000000008003ef0        0x4 ./Core/Src/stm32f4xx_it.o
                0x0000000008003ef0                DebugMon_Handler
 .text.PendSV_Handler
                0x0000000008003ef4        0x4 ./Core/Src/stm32f4xx_it.o
                0x0000000008003ef4                PendSV_Handler
 .text.SysTick_Handler
                0x0000000008003ef8       0x1c ./Core/Src/stm32f4xx_it.o
                0x0000000008003ef8                SysTick_Handler
 .text.EXTI0_IRQHandler
                0x0000000008003f14       0x20 ./Core/Src/stm32f4xx_it.o
                0x0000000008003f14                EXTI0_IRQHandler
 .text.DMA2_Stream3_IRQHandler
                0x0000000008003f34        0xc ./Core/Src/stm32f4xx_it.o
                0x0000000008003f34                DMA2_Stream3_IRQHandler
 .text.DMA1_Stream5_IRQHandler
                0x0000000008003f40       0x2c ./Core/Src/stm32f4xx_it.o
                0x0000000008003f40                DMA1_Stream5_IRQHandler
 .text._getpid  0x0000000008003f6c        0x4 ./Core/Src/syscalls.o
                0x0000000008003f6c                _getpid
 .text._kill    0x0000000008003f70       0x10 ./Core/Src/syscalls.o
                0x0000000008003f70                _kill
 .text._exit    0x0000000008003f80        0xc ./Core/Src/syscalls.o
                0x0000000008003f80                _exit
 .text._read    0x0000000008003f8c       0x1c ./Core/Src/syscalls.o
                0x0000000008003f8c                _read
 .text._write   0x0000000008003fa8       0x1c ./Core/Src/syscalls.o
                0x0000000008003fa8                _write
 .text._close   0x0000000008003fc4        0x8 ./Core/Src/syscalls.o
                0x0000000008003fc4                _close
 .text._fstat   0x0000000008003fcc        0xc ./Core/Src/syscalls.o
                0x0000000008003fcc                _fstat
 .text._isatty  0x0000000008003fd8        0x4 ./Core/Src/syscalls.o
                0x0000000008003fd8                _isatty
 .text._lseek   0x0000000008003fdc        0x4 ./Core/Src/syscalls.o
                0x0000000008003fdc                _lseek
 .text._sbrk    0x0000000008003fe0       0x44 ./Core/Src/sysmem.o
                0x0000000008003fe0                _sbrk
 .text.SystemInit
                0x0000000008004024       0x14 ./Core/Src/system_stm32f4xx.o
                0x0000000008004024                SystemInit
 .text.Reset_Handler
                0x0000000008004038       0x50 ./Core/Startup/startup_stm32f401ccux.o
                0x0000000008004038                Reset_Handler
 .text.Default_Handler
                0x0000000008004088        0x2 ./Core/Startup/startup_stm32f401ccux.o
                0x0000000008004088                RTC_Alarm_IRQHandler
                0x0000000008004088                EXTI2_IRQHandler
                0x0000000008004088                SPI4_IRQHandler
                0x0000000008004088                TIM1_CC_IRQHandler
                0x0000000008004088                DMA2_Stream5_IRQHandler
                0x0000000008004088                PVD_IRQHandler
                0x0000000008004088                SDIO_IRQHandler
                0x0000000008004088                TAMP_STAMP_IRQHandler
                0x0000000008004088                EXTI3_IRQHandler
                0x0000000008004088                TIM1_UP_TIM10_IRQHandler
                0x0000000008004088                I2C3_ER_IRQHandler
                0x0000000008004088                I2C2_EV_IRQHandler
                0x0000000008004088                DMA1_Stream2_IRQHandler
                0x0000000008004088                FPU_IRQHandler
                0x0000000008004088                DMA2_Stream2_IRQHandler
                0x0000000008004088                SPI1_IRQHandler
                0x0000000008004088                TIM1_BRK_TIM9_IRQHandler
                0x0000000008004088                USART6_IRQHandler
                0x0000000008004088                DMA2_Stream0_IRQHandler
                0x0000000008004088                TIM4_IRQHandler
                0x0000000008004088                I2C1_EV_IRQHandler
                0x0000000008004088                DMA1_Stream6_IRQHandler
                0x0000000008004088                DMA1_Stream1_IRQHandler
                0x0000000008004088                TIM3_IRQHandler
                0x0000000008004088                RCC_IRQHandler
                0x0000000008004088                Default_Handler
                0x0000000008004088                EXTI15_10_IRQHandler
                0x0000000008004088                ADC_IRQHandler
                0x0000000008004088                DMA1_Stream7_IRQHandler
                0x0000000008004088                TIM5_IRQHandler
                0x0000000008004088                DMA2_Stream7_IRQHandler
                0x0000000008004088                I2C3_EV_IRQHandler
                0x0000000008004088                EXTI9_5_IRQHandler
                0x0000000008004088                RTC_WKUP_IRQHandler
                0x0000000008004088                SPI2_IRQHandler
                0x0000000008004088                DMA1_Stream0_IRQHandler
                0x0000000008004088                EXTI4_IRQHandler
                0x0000000008004088                WWDG_IRQHandler
                0x0000000008004088                TIM2_IRQHandler
                0x0000000008004088                OTG_FS_WKUP_IRQHandler
                0x0000000008004088                TIM1_TRG_COM_TIM11_IRQHandler
                0x0000000008004088                EXTI1_IRQHandler
                0x0000000008004088                USART2_IRQHandler
                0x0000000008004088                I2C2_ER_IRQHandler
                0x0000000008004088                DMA2_Stream1_IRQHandler
                0x0000000008004088                FLASH_IRQHandler
                0x0000000008004088                DMA2_Stream4_IRQHandler
                0x0000000008004088                USART1_IRQHandler
                0x0000000008004088                OTG_FS_IRQHandler
                0x0000000008004088                SPI3_IRQHandler
                0x0000000008004088                DMA1_Stream4_IRQHandler
                0x0000000008004088                I2C1_ER_IRQHandler
                0x0000000008004088                DMA2_Stream6_IRQHandler
                0x0000000008004088                DMA1_Stream3_IRQHandler
 *fill*         0x000000000800408a        0x2 
 .text.Display_TC_Callback
                0x000000000800408c      0x104 ./Display/display.o
                0x000000000800408c                Display_TC_Callback
 .text.LCD_String_Interpretator
                0x0000000008004190      0x118 ./Display/display.o
                0x0000000008004190                LCD_String_Interpretator
 .text.LCD_DrawPixel.part.0
                0x00000000080042a8      0x104 ./Display/display.o
 .text.LCD_DisplayAdd
                0x00000000080043ac      0x200 ./Display/display.o
                0x00000000080043ac                LCD_DisplayAdd
 .text.LCD_Init
                0x00000000080045ac       0xa8 ./Display/display.o
                0x00000000080045ac                LCD_Init
 .text.LCD_FillWindow
                0x0000000008004654      0x218 ./Display/display.o
                0x0000000008004654                LCD_FillWindow
 .text.LCD_Fill
                0x000000000800486c       0x20 ./Display/display.o
                0x000000000800486c                LCD_Fill
 .text.LCD_DrawLine
                0x000000000800488c      0x164 ./Display/display.o
                0x000000000800488c                LCD_DrawLine
 .text.LCD_DrawCircle
                0x00000000080049f0      0x374 ./Display/display.o
                0x00000000080049f0                LCD_DrawCircle
 .text.LCD_WriteChar
                0x0000000008004d64      0x2cc ./Display/display.o
                0x0000000008004d64                LCD_WriteChar
 .text.LCD_WriteString
                0x0000000008005030       0x6c ./Display/display.o
                0x0000000008005030                LCD_WriteString
 .text.ILI9341_Init
                0x000000000800509c       0x3c ./Display/ili9341.o
                0x000000000800509c                ILI9341_Init
 .text.ILI9341_SetWindow
                0x00000000080050d8       0x24 ./Display/ili9341.o
                0x00000000080050d8                ILI9341_SetWindow
 .text.ILI9341_SleepIn
                0x00000000080050fc        0x8 ./Display/ili9341.o
                0x00000000080050fc                ILI9341_SleepIn
 .text.ILI9341_SleepOut
                0x0000000008005104        0x8 ./Display/ili9341.o
                0x0000000008005104                ILI9341_SleepOut
 .text.LL_EXTI_Init
                0x000000000800510c       0xc0 ./Drivers/STM32F4xx_HAL_Driver/Src/stm32f4xx_ll_exti.o
                0x000000000800510c                LL_EXTI_Init
 .text.LL_GPIO_Init
                0x00000000080051cc      0x148 ./Drivers/STM32F4xx_HAL_Driver/Src/stm32f4xx_ll_gpio.o
                0x00000000080051cc                LL_GPIO_Init
 .text.LL_RCC_GetI2SClockFreq
                0x0000000008005314       0x68 ./Drivers/STM32F4xx_HAL_Driver/Src/stm32f4xx_ll_rcc.o
                0x0000000008005314                LL_RCC_GetI2SClockFreq
 .text.LL_SPI_Init
                0x000000000800537c       0x70 ./Drivers/STM32F4xx_HAL_Driver/Src/stm32f4xx_ll_spi.o
                0x000000000800537c                LL_SPI_Init
 .text.LL_I2S_Init
                0x00000000080053ec       0xa0 ./Drivers/STM32F4xx_HAL_Driver/Src/stm32f4xx_ll_spi.o
                0x00000000080053ec                LL_I2S_Init
 .text.LL_TIM_Init
                0x000000000800548c       0x98 ./Drivers/STM32F4xx_HAL_Driver/Src/stm32f4xx_ll_tim.o
                0x000000000800548c                LL_TIM_Init
 .text.LL_TIM_OC_Init
                0x0000000008005524      0x1b8 ./Drivers/STM32F4xx_HAL_Driver/Src/stm32f4xx_ll_tim.o
                0x0000000008005524                LL_TIM_OC_Init
 .text.LL_Init1msTick
                0x00000000080056dc       0x20 ./Drivers/STM32F4xx_HAL_Driver/Src/stm32f4xx_ll_utils.o
                0x00000000080056dc                LL_Init1msTick
 .text.LL_mDelay
                0x00000000080056fc       0x24 ./Drivers/STM32F4xx_HAL_Driver/Src/stm32f4xx_ll_utils.o
                0x00000000080056fc                LL_mDelay
 .text.LL_SetSystemCoreClock
                0x0000000008005720        0xc ./Drivers/STM32F4xx_HAL_Driver/Src/stm32f4xx_ll_utils.o
                0x0000000008005720                LL_SetSystemCoreClock
 .text.xmp3_SetBitstreamPointer
                0x000000000800572c        0xc ./MP3Helix/src/bitstream.o
                0x000000000800572c                xmp3_SetBitstreamPointer
 .text.xmp3_GetBits
                0x0000000008005738       0xd0 ./MP3Helix/src/bitstream.o
                0x0000000008005738                xmp3_GetBits
 .text.xmp3_CalcBitsUsed
                0x0000000008005808       0x14 ./MP3Helix/src/bitstream.o
                0x0000000008005808                xmp3_CalcBitsUsed
 .text.xmp3_CheckPadBit
                0x000000000800581c       0x18 ./MP3Helix/src/bitstream.o
                0x000000000800581c                xmp3_CheckPadBit
 .text.xmp3_UnpackFrameHeader
                0x0000000008005834      0x1b8 ./MP3Helix/src/bitstream.o
                0x0000000008005834                xmp3_UnpackFrameHeader
 .text.xmp3_UnpackSideInfo
                0x00000000080059ec     0x10d8 ./MP3Helix/src/bitstream.o
                0x00000000080059ec                xmp3_UnpackSideInfo
 .text.xmp3_FreeBuffers
                0x0000000008006ac4       0x4c ./MP3Helix/src/buffers.o
                0x0000000008006ac4                xmp3_FreeBuffers
 .text.xmp3_AllocateBuffers
                0x0000000008006b10       0x9c ./MP3Helix/src/buffers.o
                0x0000000008006b10                xmp3_AllocateBuffers
 .text.xmp3_FDCT32
                0x0000000008006bac      0xa08 ./MP3Helix/src/dct32.o
                0x0000000008006bac                xmp3_FDCT32
 .text.xmp3_Dequantize
                0x00000000080075b4      0x350 ./MP3Helix/src/dequant.o
                0x00000000080075b4                xmp3_Dequantize
 .text.DequantBlock
                0x0000000008007904      0x1e4 ./MP3Helix/src/dqchan.o
 .text.xmp3_DequantChannel
                0x0000000008007ae8      0x2d8 ./MP3Helix/src/dqchan.o
                0x0000000008007ae8                xmp3_DequantChannel
 .text.xmp3_DecodeHuffman
                0x0000000008007dc0      0x770 ./MP3Helix/src/huffman.o
                0x0000000008007dc0                xmp3_DecodeHuffman
 .text.WinPrevious.part.0
                0x0000000008008530       0xe4 ./MP3Helix/src/imdct.o
 .text.FreqInvertRescale
                0x0000000008008614      0x50c ./MP3Helix/src/imdct.o
 .text.xmp3_IMDCT
                0x0000000008008b20     0x20b4 ./MP3Helix/src/imdct.o
                0x0000000008008b20                xmp3_IMDCT
 .text.MP3InitDecoder
                0x000000000800abd4        0x4 ./MP3Helix/src/mp3dec.o
                0x000000000800abd4                MP3InitDecoder
 .text.MP3FreeDecoder
                0x000000000800abd8        0x8 ./MP3Helix/src/mp3dec.o
                0x000000000800abd8                MP3FreeDecoder
 .text.MP3FindSyncWord
                0x000000000800abe0       0x34 ./MP3Helix/src/mp3dec.o
                0x000000000800abe0                MP3FindSyncWord
 .text.MP3Decode
                0x000000000800ac14      0x4bc ./MP3Helix/src/mp3dec.o
                0x000000000800ac14                MP3Decode
 .text.xmp3_UnpackScaleFactors
                0x000000000800b0d0      0x91c ./MP3Helix/src/scalfact.o
                0x000000000800b0d0                xmp3_UnpackScaleFactors
 .text.xmp3_MidSideProc
                0x000000000800b9ec       0x68 ./MP3Helix/src/stproc.o
                0x000000000800b9ec                xmp3_MidSideProc
 .text.xmp3_IntensityProcMPEG1
                0x000000000800ba54      0x338 ./MP3Helix/src/stproc.o
                0x000000000800ba54                xmp3_IntensityProcMPEG1
 .text.xmp3_IntensityProcMPEG2
                0x000000000800bd8c      0x280 ./MP3Helix/src/stproc.o
                0x000000000800bd8c                xmp3_IntensityProcMPEG2
 .text.xmp3_Subband
                0x000000000800c00c      0x11c ./MP3Helix/src/subband.o
                0x000000000800c00c                xmp3_Subband
 .text.mp3_start_play_callback
                0x000000000800c128       0x2c ./Music/mp3_callback.o
                0x000000000800c128                mp3_start_play_callback
 .text.mp3_update_play_callback
                0x000000000800c154       0x84 ./Music/mp3_callback.o
                0x000000000800c154                mp3_update_play_callback
 .text.mp3_stop_callback
                0x000000000800c1d8       0x10 ./Music/mp3_callback.o
                0x000000000800c1d8                mp3_stop_callback
 .text.PlayerAdd
                0x000000000800c1e8       0xb0 ./Music/player.o
                0x000000000800c1e8                PlayerAdd
 .text.PlayerDel
                0x000000000800c298       0x50 ./Music/player.o
                0x000000000800c298                PlayerDel
 .text.PlayerDelAll
                0x000000000800c2e8       0x98 ./Music/player.o
                0x000000000800c2e8                PlayerDelAll
 .text.PlayersUpdate
                0x000000000800c380      0x170 ./Music/player.o
                0x000000000800c380                PlayersUpdate
 .text.wav_start_play_callback
                0x000000000800c4f0       0x24 ./Music/wav_callback.o
                0x000000000800c4f0                wav_start_play_callback
 .text.wav_stop_callback
                0x000000000800c514        0x4 ./Music/wav_callback.o
                0x000000000800c514                wav_stop_callback
 .text.WAV_Decoder
                0x000000000800c518      0x10c ./Music/wav_callback.o
                0x000000000800c518                WAV_Decoder
 .text.wav_update_play_callback
                0x000000000800c624       0x3c ./Music/wav_callback.o
                0x000000000800c624                wav_update_play_callback
 .text.I2S3_Init
                0x000000000800c660      0x1bc ./PCM5102/pcm5102.o
                0x000000000800c660                I2S3_Init
 .text.Start_DAC_DMA
                0x000000000800c81c      0x1e0 ./PCM5102/pcm5102.o
                0x000000000800c81c                Start_DAC_DMA
 .text.XPT2046_ConvertPoint
                0x000000000800c9fc       0xa8 ./XPT2046/calibrate_touch.o
                0x000000000800c9fc                XPT2046_ConvertPoint
 .text.XPT2046_CalibrateTouch
                0x000000000800caa4      0xbf4 ./XPT2046/calibrate_touch.o
                0x000000000800caa4                XPT2046_CalibrateTouch
 .text.get_adc_in.constprop.0
                0x000000000800d698      0x1c0 ./XPT2046/xpt2046.o
 .text.XPT2046_InitTouch
                0x000000000800d858      0x178 ./XPT2046/xpt2046.o
                0x000000000800d858                XPT2046_InitTouch
 .text.XPT2046_GetTouch
                0x000000000800d9d0       0x94 ./XPT2046/xpt2046.o
                0x000000000800d9d0                XPT2046_GetTouch
 .text.XPT2046_EXTICallback
                0x000000000800da64       0x54 ./XPT2046/xpt2046.o
                0x000000000800da64                XPT2046_EXTICallback
 .text.XPT2046_TIMCallback
                0x000000000800dab8       0xe8 ./XPT2046/xpt2046.o
                0x000000000800dab8                XPT2046_TIMCallback
 .text.calloc   0x000000000800dba0       0x10 f:/st/stm32cubeide_1.1.0/stm32cubeide/plugins/com.st.stm32cube.ide.mcu.externaltools.gnu-tools-for-stm32.10.3-2021.10.win32_1.0.100.202210260954/tools/bin/../lib/gcc/arm-none-eabi/10.3.1/../../../../arm-none-eabi/lib/thumb/v7e-m+fp/hard\libc_nano.a(lib_a-calloc.o)
                0x000000000800dba0                calloc
 .text.__errno  0x000000000800dbb0        0xc f:/st/stm32cubeide_1.1.0/stm32cubeide/plugins/com.st.stm32cube.ide.mcu.externaltools.gnu-tools-for-stm32.10.3-2021.10.win32_1.0.100.202210260954/tools/bin/../lib/gcc/arm-none-eabi/10.3.1/../../../../arm-none-eabi/lib/thumb/v7e-m+fp/hard\libc_nano.a(lib_a-errno.o)
                0x000000000800dbb0                __errno
 .text.__libc_init_array
                0x000000000800dbbc       0x48 f:/st/stm32cubeide_1.1.0/stm32cubeide/plugins/com.st.stm32cube.ide.mcu.externaltools.gnu-tools-for-stm32.10.3-2021.10.win32_1.0.100.202210260954/tools/bin/../lib/gcc/arm-none-eabi/10.3.1/../../../../arm-none-eabi/lib/thumb/v7e-m+fp/hard\libc_nano.a(lib_a-init.o)
                0x000000000800dbbc                __libc_init_array
 .text.malloc   0x000000000800dc04       0x10 f:/st/stm32cubeide_1.1.0/stm32cubeide/plugins/com.st.stm32cube.ide.mcu.externaltools.gnu-tools-for-stm32.10.3-2021.10.win32_1.0.100.202210260954/tools/bin/../lib/gcc/arm-none-eabi/10.3.1/../../../../arm-none-eabi/lib/thumb/v7e-m+fp/hard\libc_nano.a(lib_a-malloc.o)
                0x000000000800dc04                malloc
 .text.free     0x000000000800dc14       0x10 f:/st/stm32cubeide_1.1.0/stm32cubeide/plugins/com.st.stm32cube.ide.mcu.externaltools.gnu-tools-for-stm32.10.3-2021.10.win32_1.0.100.202210260954/tools/bin/../lib/gcc/arm-none-eabi/10.3.1/../../../../arm-none-eabi/lib/thumb/v7e-m+fp/hard\libc_nano.a(lib_a-malloc.o)
                0x000000000800dc14                free
 .text.memcpy   0x000000000800dc24       0x1c f:/st/stm32cubeide_1.1.0/stm32cubeide/plugins/com.st.stm32cube.ide.mcu.externaltools.gnu-tools-for-stm32.10.3-2021.10.win32_1.0.100.202210260954/tools/bin/../lib/gcc/arm-none-eabi/10.3.1/../../../../arm-none-eabi/lib/thumb/v7e-m+fp/hard\libc_nano.a(lib_a-memcpy-stub.o)
                0x000000000800dc24                memcpy
 .text.memmove  0x000000000800dc40       0x34 f:/st/stm32cubeide_1.1.0/stm32cubeide/plugins/com.st.stm32cube.ide.mcu.externaltools.gnu-tools-for-stm32.10.3-2021.10.win32_1.0.100.202210260954/tools/bin/../lib/gcc/arm-none-eabi/10.3.1/../../../../arm-none-eabi/lib/thumb/v7e-m+fp/hard\libc_nano.a(lib_a-memmove.o)
                0x000000000800dc40                memmove
 .text.memset   0x000000000800dc74       0x10 f:/st/stm32cubeide_1.1.0/stm32cubeide/plugins/com.st.stm32cube.ide.mcu.externaltools.gnu-tools-for-stm32.10.3-2021.10.win32_1.0.100.202210260954/tools/bin/../lib/gcc/arm-none-eabi/10.3.1/../../../../arm-none-eabi/lib/thumb/v7e-m+fp/hard\libc_nano.a(lib_a-memset.o)
                0x000000000800dc74                memset
 .text._calloc_r
                0x000000000800dc84       0x2c f:/st/stm32cubeide_1.1.0/stm32cubeide/plugins/com.st.stm32cube.ide.mcu.externaltools.gnu-tools-for-stm32.10.3-2021.10.win32_1.0.100.202210260954/tools/bin/../lib/gcc/arm-none-eabi/10.3.1/../../../../arm-none-eabi/lib/thumb/v7e-m+fp/hard\libc_nano.a(lib_a-nano-callocr.o)
                0x000000000800dc84                _calloc_r
 .text._free_r  0x000000000800dcb0       0x98 f:/st/stm32cubeide_1.1.0/stm32cubeide/plugins/com.st.stm32cube.ide.mcu.externaltools.gnu-tools-for-stm32.10.3-2021.10.win32_1.0.100.202210260954/tools/bin/../lib/gcc/arm-none-eabi/10.3.1/../../../../arm-none-eabi/lib/thumb/v7e-m+fp/hard\libc_nano.a(lib_a-nano-freer.o)
                0x000000000800dcb0                _free_r
 .text.sbrk_aligned
                0x000000000800dd48       0x40 f:/st/stm32cubeide_1.1.0/stm32cubeide/plugins/com.st.stm32cube.ide.mcu.externaltools.gnu-tools-for-stm32.10.3-2021.10.win32_1.0.100.202210260954/tools/bin/../lib/gcc/arm-none-eabi/10.3.1/../../../../arm-none-eabi/lib/thumb/v7e-m+fp/hard\libc_nano.a(lib_a-nano-mallocr.o)
 .text._malloc_r
                0x000000000800dd88       0xe8 f:/st/stm32cubeide_1.1.0/stm32cubeide/plugins/com.st.stm32cube.ide.mcu.externaltools.gnu-tools-for-stm32.10.3-2021.10.win32_1.0.100.202210260954/tools/bin/../lib/gcc/arm-none-eabi/10.3.1/../../../../arm-none-eabi/lib/thumb/v7e-m+fp/hard\libc_nano.a(lib_a-nano-mallocr.o)
                0x000000000800dd88                _malloc_r
 .text.rand     0x000000000800de70       0x7c f:/st/stm32cubeide_1.1.0/stm32cubeide/plugins/com.st.stm32cube.ide.mcu.externaltools.gnu-tools-for-stm32.10.3-2021.10.win32_1.0.100.202210260954/tools/bin/../lib/gcc/arm-none-eabi/10.3.1/../../../../arm-none-eabi/lib/thumb/v7e-m+fp/hard\libc_nano.a(lib_a-rand.o)
                0x000000000800de70                rand
 .text._sbrk_r  0x000000000800deec       0x20 f:/st/stm32cubeide_1.1.0/stm32cubeide/plugins/com.st.stm32cube.ide.mcu.externaltools.gnu-tools-for-stm32.10.3-2021.10.win32_1.0.100.202210260954/tools/bin/../lib/gcc/arm-none-eabi/10.3.1/../../../../arm-none-eabi/lib/thumb/v7e-m+fp/hard\libc_nano.a(lib_a-sbrkr.o)
                0x000000000800deec                _sbrk_r
 .text.stpcpy   0x000000000800df0c       0x12 f:/st/stm32cubeide_1.1.0/stm32cubeide/plugins/com.st.stm32cube.ide.mcu.externaltools.gnu-tools-for-stm32.10.3-2021.10.win32_1.0.100.202210260954/tools/bin/../lib/gcc/arm-none-eabi/10.3.1/../../../../arm-none-eabi/lib/thumb/v7e-m+fp/hard\libc_nano.a(lib_a-stpcpy.o)
                0x000000000800df0c                stpcpy
 .text.strcpy   0x000000000800df1e       0x10 f:/st/stm32cubeide_1.1.0/stm32cubeide/plugins/com.st.stm32cube.ide.mcu.externaltools.gnu-tools-for-stm32.10.3-2021.10.win32_1.0.100.202210260954/tools/bin/../lib/gcc/arm-none-eabi/10.3.1/../../../../arm-none-eabi/lib/thumb/v7e-m+fp/hard\libc_nano.a(lib_a-strcpy.o)
                0x000000000800df1e                strcpy
 *fill*         0x000000000800df2e        0x2 
 .text.__utoa   0x000000000800df30       0x84 f:/st/stm32cubeide_1.1.0/stm32cubeide/plugins/com.st.stm32cube.ide.mcu.externaltools.gnu-tools-for-stm32.10.3-2021.10.win32_1.0.100.202210260954/tools/bin/../lib/gcc/arm-none-eabi/10.3.1/../../../../arm-none-eabi/lib/thumb/v7e-m+fp/hard\libc_nano.a(lib_a-utoa.o)
                0x000000000800df30                __utoa
 .text.utoa     0x000000000800dfb4        0x4 f:/st/stm32cubeide_1.1.0/stm32cubeide/plugins/com.st.stm32cube.ide.mcu.externaltools.gnu-tools-for-stm32.10.3-2021.10.win32_1.0.100.202210260954/tools/bin/../lib/gcc/arm-none-eabi/10.3.1/../../../../arm-none-eabi/lib/thumb/v7e-m+fp/hard\libc_nano.a(lib_a-utoa.o)
                0x000000000800dfb4                utoa
 .text.__assert_func
                0x000000000800dfb8       0x3c f:/st/stm32cubeide_1.1.0/stm32cubeide/plugins/com.st.stm32cube.ide.mcu.externaltools.gnu-tools-for-stm32.10.3-2021.10.win32_1.0.100.202210260954/tools/bin/../lib/gcc/arm-none-eabi/10.3.1/../../../../arm-none-eabi/lib/thumb/v7e-m+fp/hard\libc_nano.a(lib_a-assert.o)
                0x000000000800dfb8                __assert_func
 .text.fprintf  0x000000000800dff4       0x24 f:/st/stm32cubeide_1.1.0/stm32cubeide/plugins/com.st.stm32cube.ide.mcu.externaltools.gnu-tools-for-stm32.10.3-2021.10.win32_1.0.100.202210260954/tools/bin/../lib/gcc/arm-none-eabi/10.3.1/../../../../arm-none-eabi/lib/thumb/v7e-m+fp/hard\libc_nano.a(lib_a-fprintf.o)
                0x000000000800dff4                fiprintf
                0x000000000800dff4                fprintf
 .text.__malloc_lock
                0x000000000800e018        0xc f:/st/stm32cubeide_1.1.0/stm32cubeide/plugins/com.st.stm32cube.ide.mcu.externaltools.gnu-tools-for-stm32.10.3-2021.10.win32_1.0.100.202210260954/tools/bin/../lib/gcc/arm-none-eabi/10.3.1/../../../../arm-none-eabi/lib/thumb/v7e-m+fp/hard\libc_nano.a(lib_a-mlock.o)
                0x000000000800e018                __malloc_lock
 .text.__malloc_unlock
                0x000000000800e024        0xc f:/st/stm32cubeide_1.1.0/stm32cubeide/plugins/com.st.stm32cube.ide.mcu.externaltools.gnu-tools-for-stm32.10.3-2021.10.win32_1.0.100.202210260954/tools/bin/../lib/gcc/arm-none-eabi/10.3.1/../../../../arm-none-eabi/lib/thumb/v7e-m+fp/hard\libc_nano.a(lib_a-mlock.o)
                0x000000000800e024                __malloc_unlock
 .text.__sfputc_r
                0x000000000800e030       0x2e f:/st/stm32cubeide_1.1.0/stm32cubeide/plugins/com.st.stm32cube.ide.mcu.externaltools.gnu-tools-for-stm32.10.3-2021.10.win32_1.0.100.202210260954/tools/bin/../lib/gcc/arm-none-eabi/10.3.1/../../../../arm-none-eabi/lib/thumb/v7e-m+fp/hard\libc_nano.a(lib_a-nano-vfprintf.o)
 .text.__sfputs_r
                0x000000000800e05e       0x24 f:/st/stm32cubeide_1.1.0/stm32cubeide/plugins/com.st.stm32cube.ide.mcu.externaltools.gnu-tools-for-stm32.10.3-2021.10.win32_1.0.100.202210260954/tools/bin/../lib/gcc/arm-none-eabi/10.3.1/../../../../arm-none-eabi/lib/thumb/v7e-m+fp/hard\libc_nano.a(lib_a-nano-vfprintf.o)
                0x000000000800e05e                __sfputs_r
 *fill*         0x000000000800e082        0x2 
 .text._vfprintf_r
                0x000000000800e084      0x260 f:/st/stm32cubeide_1.1.0/stm32cubeide/plugins/com.st.stm32cube.ide.mcu.externaltools.gnu-tools-for-stm32.10.3-2021.10.win32_1.0.100.202210260954/tools/bin/../lib/gcc/arm-none-eabi/10.3.1/../../../../arm-none-eabi/lib/thumb/v7e-m+fp/hard\libc_nano.a(lib_a-nano-vfprintf.o)
                0x000000000800e084                _vfprintf_r
                0x000000000800e084                _vfiprintf_r
 .text._printf_common
                0x000000000800e2e4       0xda f:/st/stm32cubeide_1.1.0/stm32cubeide/plugins/com.st.stm32cube.ide.mcu.externaltools.gnu-tools-for-stm32.10.3-2021.10.win32_1.0.100.202210260954/tools/bin/../lib/gcc/arm-none-eabi/10.3.1/../../../../arm-none-eabi/lib/thumb/v7e-m+fp/hard\libc_nano.a(lib_a-nano-vfprintf_i.o)
                0x000000000800e2e4                _printf_common
 *fill*         0x000000000800e3be        0x2 
 .text._printf_i
                0x000000000800e3c0      0x24c f:/st/stm32cubeide_1.1.0/stm32cubeide/plugins/com.st.stm32cube.ide.mcu.externaltools.gnu-tools-for-stm32.10.3-2021.10.win32_1.0.100.202210260954/tools/bin/../lib/gcc/arm-none-eabi/10.3.1/../../../../arm-none-eabi/lib/thumb/v7e-m+fp/hard\libc_nano.a(lib_a-nano-vfprintf_i.o)
                0x000000000800e3c0                _printf_i
 .text.__swbuf_r
                0x000000000800e60c       0xa4 f:/st/stm32cubeide_1.1.0/stm32cubeide/plugins/com.st.stm32cube.ide.mcu.externaltools.gnu-tools-for-stm32.10.3-2021.10.win32_1.0.100.202210260954/tools/bin/../lib/gcc/arm-none-eabi/10.3.1/../../../../arm-none-eabi/lib/thumb/v7e-m+fp/hard\libc_nano.a(lib_a-wbuf.o)
                0x000000000800e60c                __swbuf_r
 .text.__swsetup_r
                0x000000000800e6b0       0xdc f:/st/stm32cubeide_1.1.0/stm32cubeide/plugins/com.st.stm32cube.ide.mcu.externaltools.gnu-tools-for-stm32.10.3-2021.10.win32_1.0.100.202210260954/tools/bin/../lib/gcc/arm-none-eabi/10.3.1/../../../../arm-none-eabi/lib/thumb/v7e-m+fp/hard\libc_nano.a(lib_a-wsetup.o)
                0x000000000800e6b0                __swsetup_r
 .text.abort    0x000000000800e78c        0xe f:/st/stm32cubeide_1.1.0/stm32cubeide/plugins/com.st.stm32cube.ide.mcu.externaltools.gnu-tools-for-stm32.10.3-2021.10.win32_1.0.100.202210260954/tools/bin/../lib/gcc/arm-none-eabi/10.3.1/../../../../arm-none-eabi/lib/thumb/v7e-m+fp/hard\libc_nano.a(lib_a-abort.o)
                0x000000000800e78c                abort
 *fill*         0x000000000800e79a        0x2 
 .text.__sflush_r
                0x000000000800e79c      0x10c f:/st/stm32cubeide_1.1.0/stm32cubeide/plugins/com.st.stm32cube.ide.mcu.externaltools.gnu-tools-for-stm32.10.3-2021.10.win32_1.0.100.202210260954/tools/bin/../lib/gcc/arm-none-eabi/10.3.1/../../../../arm-none-eabi/lib/thumb/v7e-m+fp/hard\libc_nano.a(lib_a-fflush.o)
                0x000000000800e79c                __sflush_r
 .text._fflush_r
                0x000000000800e8a8       0x78 f:/st/stm32cubeide_1.1.0/stm32cubeide/plugins/com.st.stm32cube.ide.mcu.externaltools.gnu-tools-for-stm32.10.3-2021.10.win32_1.0.100.202210260954/tools/bin/../lib/gcc/arm-none-eabi/10.3.1/../../../../arm-none-eabi/lib/thumb/v7e-m+fp/hard\libc_nano.a(lib_a-fflush.o)
                0x000000000800e8a8                _fflush_r
 .text.std      0x000000000800e920       0x48 f:/st/stm32cubeide_1.1.0/stm32cubeide/plugins/com.st.stm32cube.ide.mcu.externaltools.gnu-tools-for-stm32.10.3-2021.10.win32_1.0.100.202210260954/tools/bin/../lib/gcc/arm-none-eabi/10.3.1/../../../../arm-none-eabi/lib/thumb/v7e-m+fp/hard\libc_nano.a(lib_a-findfp.o)
 .text._cleanup_r
                0x000000000800e968        0xc f:/st/stm32cubeide_1.1.0/stm32cubeide/plugins/com.st.stm32cube.ide.mcu.externaltools.gnu-tools-for-stm32.10.3-2021.10.win32_1.0.100.202210260954/tools/bin/../lib/gcc/arm-none-eabi/10.3.1/../../../../arm-none-eabi/lib/thumb/v7e-m+fp/hard\libc_nano.a(lib_a-findfp.o)
                0x000000000800e968                _cleanup_r
 .text.__sfmoreglue
                0x000000000800e974       0x2c f:/st/stm32cubeide_1.1.0/stm32cubeide/plugins/com.st.stm32cube.ide.mcu.externaltools.gnu-tools-for-stm32.10.3-2021.10.win32_1.0.100.202210260954/tools/bin/../lib/gcc/arm-none-eabi/10.3.1/../../../../arm-none-eabi/lib/thumb/v7e-m+fp/hard\libc_nano.a(lib_a-findfp.o)
                0x000000000800e974                __sfmoreglue
 .text.__sfp_lock_acquire
                0x000000000800e9a0        0xc f:/st/stm32cubeide_1.1.0/stm32cubeide/plugins/com.st.stm32cube.ide.mcu.externaltools.gnu-tools-for-stm32.10.3-2021.10.win32_1.0.100.202210260954/tools/bin/../lib/gcc/arm-none-eabi/10.3.1/../../../../arm-none-eabi/lib/thumb/v7e-m+fp/hard\libc_nano.a(lib_a-findfp.o)
                0x000000000800e9a0                __sfp_lock_acquire
 .text.__sfp_lock_release
                0x000000000800e9ac        0xc f:/st/stm32cubeide_1.1.0/stm32cubeide/plugins/com.st.stm32cube.ide.mcu.externaltools.gnu-tools-for-stm32.10.3-2021.10.win32_1.0.100.202210260954/tools/bin/../lib/gcc/arm-none-eabi/10.3.1/../../../../arm-none-eabi/lib/thumb/v7e-m+fp/hard\libc_nano.a(lib_a-findfp.o)
                0x000000000800e9ac                __sfp_lock_release
 .text.__sinit_lock_acquire
                0x000000000800e9b8        0xc f:/st/stm32cubeide_1.1.0/stm32cubeide/plugins/com.st.stm32cube.ide.mcu.externaltools.gnu-tools-for-stm32.10.3-2021.10.win32_1.0.100.202210260954/tools/bin/../lib/gcc/arm-none-eabi/10.3.1/../../../../arm-none-eabi/lib/thumb/v7e-m+fp/hard\libc_nano.a(lib_a-findfp.o)
                0x000000000800e9b8                __sinit_lock_acquire
 .text.__sinit_lock_release
                0x000000000800e9c4        0xc f:/st/stm32cubeide_1.1.0/stm32cubeide/plugins/com.st.stm32cube.ide.mcu.externaltools.gnu-tools-for-stm32.10.3-2021.10.win32_1.0.100.202210260954/tools/bin/../lib/gcc/arm-none-eabi/10.3.1/../../../../arm-none-eabi/lib/thumb/v7e-m+fp/hard\libc_nano.a(lib_a-findfp.o)
                0x000000000800e9c4                __sinit_lock_release
 .text.__sinit  0x000000000800e9d0       0x70 f:/st/stm32cubeide_1.1.0/stm32cubeide/plugins/com.st.stm32cube.ide.mcu.externaltools.gnu-tools-for-stm32.10.3-2021.10.win32_1.0.100.202210260954/tools/bin/../lib/gcc/arm-none-eabi/10.3.1/../../../../arm-none-eabi/lib/thumb/v7e-m+fp/hard\libc_nano.a(lib_a-findfp.o)
                0x000000000800e9d0                __sinit
 .text.__sfp    0x000000000800ea40       0x8c f:/st/stm32cubeide_1.1.0/stm32cubeide/plugins/com.st.stm32cube.ide.mcu.externaltools.gnu-tools-for-stm32.10.3-2021.10.win32_1.0.100.202210260954/tools/bin/../lib/gcc/arm-none-eabi/10.3.1/../../../../arm-none-eabi/lib/thumb/v7e-m+fp/hard\libc_nano.a(lib_a-findfp.o)
                0x000000000800ea40                __sfp
 .text._fwalk_reent
                0x000000000800eacc       0x3e f:/st/stm32cubeide_1.1.0/stm32cubeide/plugins/com.st.stm32cube.ide.mcu.externaltools.gnu-tools-for-stm32.10.3-2021.10.win32_1.0.100.202210260954/tools/bin/../lib/gcc/arm-none-eabi/10.3.1/../../../../arm-none-eabi/lib/thumb/v7e-m+fp/hard\libc_nano.a(lib_a-fwalk.o)
                0x000000000800eacc                _fwalk_reent
 .text.__retarget_lock_init_recursive
                0x000000000800eb0a        0x2 f:/st/stm32cubeide_1.1.0/stm32cubeide/plugins/com.st.stm32cube.ide.mcu.externaltools.gnu-tools-for-stm32.10.3-2021.10.win32_1.0.100.202210260954/tools/bin/../lib/gcc/arm-none-eabi/10.3.1/../../../../arm-none-eabi/lib/thumb/v7e-m+fp/hard\libc_nano.a(lib_a-lock.o)
                0x000000000800eb0a                __retarget_lock_init_recursive
 .text.__retarget_lock_acquire_recursive
                0x000000000800eb0c        0x2 f:/st/stm32cubeide_1.1.0/stm32cubeide/plugins/com.st.stm32cube.ide.mcu.externaltools.gnu-tools-for-stm32.10.3-2021.10.win32_1.0.100.202210260954/tools/bin/../lib/gcc/arm-none-eabi/10.3.1/../../../../arm-none-eabi/lib/thumb/v7e-m+fp/hard\libc_nano.a(lib_a-lock.o)
                0x000000000800eb0c                __retarget_lock_acquire_recursive
 .text.__retarget_lock_release_recursive
                0x000000000800eb0e        0x2 f:/st/stm32cubeide_1.1.0/stm32cubeide/plugins/com.st.stm32cube.ide.mcu.externaltools.gnu-tools-for-stm32.10.3-2021.10.win32_1.0.100.202210260954/tools/bin/../lib/gcc/arm-none-eabi/10.3.1/../../../../arm-none-eabi/lib/thumb/v7e-m+fp/hard\libc_nano.a(lib_a-lock.o)
                0x000000000800eb0e                __retarget_lock_release_recursive
 .text.__swhatbuf_r
                0x000000000800eb10       0x4a f:/st/stm32cubeide_1.1.0/stm32cubeide/plugins/com.st.stm32cube.ide.mcu.externaltools.gnu-tools-for-stm32.10.3-2021.10.win32_1.0.100.202210260954/tools/bin/../lib/gcc/arm-none-eabi/10.3.1/../../../../arm-none-eabi/lib/thumb/v7e-m+fp/hard\libc_nano.a(lib_a-makebuf.o)
                0x000000000800eb10                __swhatbuf_r
 *fill*         0x000000000800eb5a        0x2 
 .text.__smakebuf_r
                0x000000000800eb5c       0x80 f:/st/stm32cubeide_1.1.0/stm32cubeide/plugins/com.st.stm32cube.ide.mcu.externaltools.gnu-tools-for-stm32.10.3-2021.10.win32_1.0.100.202210260954/tools/bin/../lib/gcc/arm-none-eabi/10.3.1/../../../../arm-none-eabi/lib/thumb/v7e-m+fp/hard\libc_nano.a(lib_a-makebuf.o)
                0x000000000800eb5c                __smakebuf_r
 .text._raise_r
                0x000000000800ebdc       0x50 f:/st/stm32cubeide_1.1.0/stm32cubeide/plugins/com.st.stm32cube.ide.mcu.externaltools.gnu-tools-for-stm32.10.3-2021.10.win32_1.0.100.202210260954/tools/bin/../lib/gcc/arm-none-eabi/10.3.1/../../../../arm-none-eabi/lib/thumb/v7e-m+fp/hard\libc_nano.a(lib_a-signal.o)
                0x000000000800ebdc                _raise_r
 .text.raise    0x000000000800ec2c       0x10 f:/st/stm32cubeide_1.1.0/stm32cubeide/plugins/com.st.stm32cube.ide.mcu.externaltools.gnu-tools-for-stm32.10.3-2021.10.win32_1.0.100.202210260954/tools/bin/../lib/gcc/arm-none-eabi/10.3.1/../../../../arm-none-eabi/lib/thumb/v7e-m+fp/hard\libc_nano.a(lib_a-signal.o)
                0x000000000800ec2c                raise
 .text._kill_r  0x000000000800ec3c       0x24 f:/st/stm32cubeide_1.1.0/stm32cubeide/plugins/com.st.stm32cube.ide.mcu.externaltools.gnu-tools-for-stm32.10.3-2021.10.win32_1.0.100.202210260954/tools/bin/../lib/gcc/arm-none-eabi/10.3.1/../../../../arm-none-eabi/lib/thumb/v7e-m+fp/hard\libc_nano.a(lib_a-signalr.o)
                0x000000000800ec3c                _kill_r
 .text._getpid_r
                0x000000000800ec60        0x4 f:/st/stm32cubeide_1.1.0/stm32cubeide/plugins/com.st.stm32cube.ide.mcu.externaltools.gnu-tools-for-stm32.10.3-2021.10.win32_1.0.100.202210260954/tools/bin/../lib/gcc/arm-none-eabi/10.3.1/../../../../arm-none-eabi/lib/thumb/v7e-m+fp/hard\libc_nano.a(lib_a-signalr.o)
                0x000000000800ec60                _getpid_r
 .text.__sread  0x000000000800ec64       0x22 f:/st/stm32cubeide_1.1.0/stm32cubeide/plugins/com.st.stm32cube.ide.mcu.externaltools.gnu-tools-for-stm32.10.3-2021.10.win32_1.0.100.202210260954/tools/bin/../lib/gcc/arm-none-eabi/10.3.1/../../../../arm-none-eabi/lib/thumb/v7e-m+fp/hard\libc_nano.a(lib_a-stdio.o)
                0x000000000800ec64                __sread
 .text.__swrite
                0x000000000800ec86       0x38 f:/st/stm32cubeide_1.1.0/stm32cubeide/plugins/com.st.stm32cube.ide.mcu.externaltools.gnu-tools-for-stm32.10.3-2021.10.win32_1.0.100.202210260954/tools/bin/../lib/gcc/arm-none-eabi/10.3.1/../../../../arm-none-eabi/lib/thumb/v7e-m+fp/hard\libc_nano.a(lib_a-stdio.o)
                0x000000000800ec86                __swrite
 .text.__sseek  0x000000000800ecbe       0x24 f:/st/stm32cubeide_1.1.0/stm32cubeide/plugins/com.st.stm32cube.ide.mcu.externaltools.gnu-tools-for-stm32.10.3-2021.10.win32_1.0.100.202210260954/tools/bin/../lib/gcc/arm-none-eabi/10.3.1/../../../../arm-none-eabi/lib/thumb/v7e-m+fp/hard\libc_nano.a(lib_a-stdio.o)
                0x000000000800ecbe                __sseek
 .text.__sclose
                0x000000000800ece2        0x8 f:/st/stm32cubeide_1.1.0/stm32cubeide/plugins/com.st.stm32cube.ide.mcu.externaltools.gnu-tools-for-stm32.10.3-2021.10.win32_1.0.100.202210260954/tools/bin/../lib/gcc/arm-none-eabi/10.3.1/../../../../arm-none-eabi/lib/thumb/v7e-m+fp/hard\libc_nano.a(lib_a-stdio.o)
                0x000000000800ece2                __sclose
 *fill*         0x000000000800ecea        0x2 
 .text._write_r
                0x000000000800ecec       0x24 f:/st/stm32cubeide_1.1.0/stm32cubeide/plugins/com.st.stm32cube.ide.mcu.externaltools.gnu-tools-for-stm32.10.3-2021.10.win32_1.0.100.202210260954/tools/bin/../lib/gcc/arm-none-eabi/10.3.1/../../../../arm-none-eabi/lib/thumb/v7e-m+fp/hard\libc_nano.a(lib_a-writer.o)
                0x000000000800ecec                _write_r
 .text._close_r
                0x000000000800ed10       0x20 f:/st/stm32cubeide_1.1.0/stm32cubeide/plugins/com.st.stm32cube.ide.mcu.externaltools.gnu-tools-for-stm32.10.3-2021.10.win32_1.0.100.202210260954/tools/bin/../lib/gcc/arm-none-eabi/10.3.1/../../../../arm-none-eabi/lib/thumb/v7e-m+fp/hard\libc_nano.a(lib_a-closer.o)
                0x000000000800ed10                _close_r
 .text._fstat_r
                0x000000000800ed30       0x24 f:/st/stm32cubeide_1.1.0/stm32cubeide/plugins/com.st.stm32cube.ide.mcu.externaltools.gnu-tools-for-stm32.10.3-2021.10.win32_1.0.100.202210260954/tools/bin/../lib/gcc/arm-none-eabi/10.3.1/../../../../arm-none-eabi/lib/thumb/v7e-m+fp/hard\libc_nano.a(lib_a-fstatr.o)
                0x000000000800ed30                _fstat_r
 .text._isatty_r
                0x000000000800ed54       0x20 f:/st/stm32cubeide_1.1.0/stm32cubeide/plugins/com.st.stm32cube.ide.mcu.externaltools.gnu-tools-for-stm32.10.3-2021.10.win32_1.0.100.202210260954/tools/bin/../lib/gcc/arm-none-eabi/10.3.1/../../../../arm-none-eabi/lib/thumb/v7e-m+fp/hard\libc_nano.a(lib_a-isattyr.o)
                0x000000000800ed54                _isatty_r
 .text._lseek_r
                0x000000000800ed74       0x24 f:/st/stm32cubeide_1.1.0/stm32cubeide/plugins/com.st.stm32cube.ide.mcu.externaltools.gnu-tools-for-stm32.10.3-2021.10.win32_1.0.100.202210260954/tools/bin/../lib/gcc/arm-none-eabi/10.3.1/../../../../arm-none-eabi/lib/thumb/v7e-m+fp/hard\libc_nano.a(lib_a-lseekr.o)
                0x000000000800ed74                _lseek_r
 .text._read_r  0x000000000800ed98       0x24 f:/st/stm32cubeide_1.1.0/stm32cubeide/plugins/com.st.stm32cube.ide.mcu.externaltools.gnu-tools-for-stm32.10.3-2021.10.win32_1.0.100.202210260954/tools/bin/../lib/gcc/arm-none-eabi/10.3.1/../../../../arm-none-eabi/lib/thumb/v7e-m+fp/hard\libc_nano.a(lib_a-readr.o)
                0x000000000800ed98                _read_r
 *(.glue_7)
 .glue_7        0x000000000800edbc        0x0 linker stubs
 *(.glue_7t)
 .glue_7t       0x000000000800edbc        0x0 linker stubs
 *(.eh_frame)
 .eh_frame      0x000000000800edbc        0x0 f:/st/stm32cubeide_1.1.0/stm32cubeide/plugins/com.st.stm32cube.ide.mcu.externaltools.gnu-tools-for-stm32.10.3-2021.10.win32_1.0.100.202210260954/tools/bin/../lib/gcc/arm-none-eabi/10.3.1/thumb/v7e-m+fp/hard/crtbegin.o
 *(.init)
 .init          0x000000000800edbc        0x4 f:/st/stm32cubeide_1.1.0/stm32cubeide/plugins/com.st.stm32cube.ide.mcu.externaltools.gnu-tools-for-stm32.10.3-2021.10.win32_1.0.100.202210260954/tools/bin/../lib/gcc/arm-none-eabi/10.3.1/thumb/v7e-m+fp/hard/crti.o
                0x000000000800edbc                _init
 .init          0x000000000800edc0        0x8 f:/st/stm32cubeide_1.1.0/stm32cubeide/plugins/com.st.stm32cube.ide.mcu.externaltools.gnu-tools-for-stm32.10.3-2021.10.win32_1.0.100.202210260954/tools/bin/../lib/gcc/arm-none-eabi/10.3.1/thumb/v7e-m+fp/hard/crtn.o
 *(.fini)
 .fini          0x000000000800edc8        0x4 f:/st/stm32cubeide_1.1.0/stm32cubeide/plugins/com.st.stm32cube.ide.mcu.externaltools.gnu-tools-for-stm32.10.3-2021.10.win32_1.0.100.202210260954/tools/bin/../lib/gcc/arm-none-eabi/10.3.1/thumb/v7e-m+fp/hard/crti.o
                0x000000000800edc8                _fini
 .fini          0x000000000800edcc        0x8 f:/st/stm32cubeide_1.1.0/stm32cubeide/plugins/com.st.stm32cube.ide.mcu.externaltools.gnu-tools-for-stm32.10.3-2021.10.win32_1.0.100.202210260954/tools/bin/../lib/gcc/arm-none-eabi/10.3.1/thumb/v7e-m+fp/hard/crtn.o
                0x000000000800edd4                . = ALIGN (0x4)
                0x000000000800edd4                _etext = .

.vfp11_veneer   0x000000000800edd4        0x0
 .vfp11_veneer  0x000000000800edd4        0x0 linker stubs

.v4_bx          0x000000000800edd4        0x0
 .v4_bx         0x000000000800edd4        0x0 linker stubs

.iplt           0x000000000800edd4        0x0
 .iplt          0x000000000800edd4        0x0 f:/st/stm32cubeide_1.1.0/stm32cubeide/plugins/com.st.stm32cube.ide.mcu.externaltools.gnu-tools-for-stm32.10.3-2021.10.win32_1.0.100.202210260954/tools/bin/../lib/gcc/arm-none-eabi/10.3.1/thumb/v7e-m+fp/hard/crtbegin.o

.rodata         0x000000000800edd4    0x2ea28
                0x000000000800edd4                . = ALIGN (0x4)
 *(.rodata)
 .rodata        0x000000000800edd4      0x104 ./Core/Src/main.o
 .rodata        0x000000000800eed8        0x8 ./Display/display.o
 .rodata        0x000000000800eee0       0xa8 ./PCM5102/pcm5102.o
 .rodata        0x000000000800ef88        0x3 ./XPT2046/xpt2046.o
 *(.rodata*)
 *fill*         0x000000000800ef8b        0x1 
 .rodata.TicTacToe_DemoGame.str1.4
                0x000000000800ef8c       0x92 ./Core/Src/main.o
 *fill*         0x000000000800f01e        0x2 
 .rodata.STREAM_OFFSET_TAB
                0x000000000800f020        0x8 ./Display/display.o
 .rodata.Font12x20
                0x000000000800f028     0x2300 ./Display/fonts.o
 .rodata.Font8x13
                0x0000000008011328      0xb60 ./Display/fonts.o
 .rodata.dcttab
                0x0000000008011e88       0xc0 ./MP3Helix/src/dct32.o
 .rodata.pow14  0x0000000008011f48       0x10 ./MP3Helix/src/dqchan.o
 .rodata.pow2exp
                0x0000000008011f58       0x20 ./MP3Helix/src/dqchan.o
 .rodata.pow2frac
                0x0000000008011f78       0x20 ./MP3Helix/src/dqchan.o
 .rodata.pow43  0x0000000008011f98       0xc0 ./MP3Helix/src/dqchan.o
 .rodata.pow43_14
                0x0000000008012058      0x100 ./MP3Helix/src/dqchan.o
 .rodata.preTab
                0x0000000008012158       0x16 ./MP3Helix/src/dqchan.o
 *fill*         0x000000000801216e        0x2 
 .rodata.xmp3_huffTabLookup
                0x0000000008012170      0x100 ./MP3Helix/src/hufftabs.o
                0x0000000008012170                xmp3_huffTabLookup
 .rodata.xmp3_huffTabOffset
                0x0000000008012270       0x80 ./MP3Helix/src/hufftabs.o
                0x0000000008012270                xmp3_huffTabOffset
 .rodata.xmp3_huffTable
                0x00000000080122f0     0x2124 ./MP3Helix/src/hufftabs.o
                0x00000000080122f0                xmp3_huffTable
 .rodata.xmp3_quadTabMaxBits
                0x0000000008014414        0x8 ./MP3Helix/src/hufftabs.o
                0x0000000008014414                xmp3_quadTabMaxBits
 .rodata.xmp3_quadTabOffset
                0x000000000801441c        0x8 ./MP3Helix/src/hufftabs.o
                0x000000000801441c                xmp3_quadTabOffset
 .rodata.xmp3_quadTable
                0x0000000008014424       0x50 ./MP3Helix/src/hufftabs.o
                0x0000000008014424                xmp3_quadTable
 .rodata.c18    0x0000000008014474       0x24 ./MP3Helix/src/imdct.o
 .rodata.fastWin36
                0x0000000008014498       0x48 ./MP3Helix/src/imdct.o
 .rodata.xmp3_bitrateTab
                0x00000000080144e0      0x10e ./MP3Helix/src/mp3tabs.o
                0x00000000080144e0                xmp3_bitrateTab
 *fill*         0x00000000080145ee        0x2 
 .rodata.xmp3_samplerateTab
                0x00000000080145f0       0x24 ./MP3Helix/src/mp3tabs.o
                0x00000000080145f0                xmp3_samplerateTab
 .rodata.xmp3_samplesPerFrameTab
                0x0000000008014614       0x12 ./MP3Helix/src/mp3tabs.o
                0x0000000008014614                xmp3_samplesPerFrameTab
 *fill*         0x0000000008014626        0x2 
 .rodata.xmp3_sfBandTable
                0x0000000008014628      0x29a ./MP3Helix/src/mp3tabs.o
                0x0000000008014628                xmp3_sfBandTable
 *fill*         0x00000000080148c2        0x2 
 .rodata.xmp3_sideBytesTab
                0x00000000080148c4        0xc ./MP3Helix/src/mp3tabs.o
                0x00000000080148c4                xmp3_sideBytesTab
 .rodata.xmp3_slotTab
                0x00000000080148d0      0x10e ./MP3Helix/src/mp3tabs.o
                0x00000000080148d0                xmp3_slotTab
 *fill*         0x00000000080149de        0x2 
 .rodata.SFLenTab
                0x00000000080149e0       0x20 ./MP3Helix/src/scalfact.o
 .rodata.xmp3_ISFIIP
                0x0000000008014a00       0x10 ./MP3Helix/src/trigtabs.o
                0x0000000008014a00                xmp3_ISFIIP
 .rodata.xmp3_ISFMpeg1
                0x0000000008014a10       0x38 ./MP3Helix/src/trigtabs.o
                0x0000000008014a10                xmp3_ISFMpeg1
 .rodata.xmp3_ISFMpeg2
                0x0000000008014a48      0x100 ./MP3Helix/src/trigtabs.o
                0x0000000008014a48                xmp3_ISFMpeg2
 .rodata.xmp3_csa
                0x0000000008014b48       0x40 ./MP3Helix/src/trigtabs.o
                0x0000000008014b48                xmp3_csa
 .rodata.xmp3_imdctWin
                0x0000000008014b88      0x240 ./MP3Helix/src/trigtabs.o
                0x0000000008014b88                xmp3_imdctWin
 .rodata.xmp3_polyCoef
                0x0000000008014dc8      0x420 ./MP3Helix/src/trigtabs.o
                0x0000000008014dc8                xmp3_polyCoef
 .rodata.drum_data
                0x00000000080151e8     0x6516 ./Music/mus_data.o
                0x00000000080151e8                drum_data
 *fill*         0x000000000801b6fe        0x2 
 .rodata.final_data
                0x000000000801b700     0x7fc1 ./Music/mus_data.o
                0x000000000801b700                final_data
 *fill*         0x00000000080236c1        0x3 
 .rodata.intro_data
                0x00000000080236c4     0x72b2 ./Music/mus_data.o
                0x00000000080236c4                intro_data
 *fill*         0x000000000802a976        0x2 
 .rodata.tema_data
                0x000000000802a978     0x9ab2 ./Music/mus_data.o
                0x000000000802a978                tema_data
 *fill*         0x000000000803442a        0x2 
 .rodata.you_move_data
                0x000000000803442c     0x914c ./Music/mus_data.o
                0x000000000803442c                you_move_data
 .rodata.STREAM_OFFSET_TAB
                0x000000000803d578        0x8 ./PCM5102/pcm5102.o
 .rodata.XPT2046_CalibrateTouch.str1.4
                0x000000000803d580      0x10f ./XPT2046/calibrate_touch.o
 *fill*         0x000000000803d68f        0x1 
 .rodata._global_impure_ptr
                0x000000000803d690        0x4 f:/st/stm32cubeide_1.1.0/stm32cubeide/plugins/com.st.stm32cube.ide.mcu.externaltools.gnu-tools-for-stm32.10.3-2021.10.win32_1.0.100.202210260954/tools/bin/../lib/gcc/arm-none-eabi/10.3.1/../../../../arm-none-eabi/lib/thumb/v7e-m+fp/hard\libc_nano.a(lib_a-impure.o)
                0x000000000803d690                _global_impure_ptr
 .rodata.srand.str1.1
                0x000000000803d694       0x72 f:/st/stm32cubeide_1.1.0/stm32cubeide/plugins/com.st.stm32cube.ide.mcu.externaltools.gnu-tools-for-stm32.10.3-2021.10.win32_1.0.100.202210260954/tools/bin/../lib/gcc/arm-none-eabi/10.3.1/../../../../arm-none-eabi/lib/thumb/v7e-m+fp/hard\libc_nano.a(lib_a-rand.o)
 .rodata.__utoa.str1.1
                0x000000000803d706       0x25 f:/st/stm32cubeide_1.1.0/stm32cubeide/plugins/com.st.stm32cube.ide.mcu.externaltools.gnu-tools-for-stm32.10.3-2021.10.win32_1.0.100.202210260954/tools/bin/../lib/gcc/arm-none-eabi/10.3.1/../../../../arm-none-eabi/lib/thumb/v7e-m+fp/hard\libc_nano.a(lib_a-utoa.o)
 .rodata.__assert_func.str1.1
                0x000000000803d72b       0x3c f:/st/stm32cubeide_1.1.0/stm32cubeide/plugins/com.st.stm32cube.ide.mcu.externaltools.gnu-tools-for-stm32.10.3-2021.10.win32_1.0.100.202210260954/tools/bin/../lib/gcc/arm-none-eabi/10.3.1/../../../../arm-none-eabi/lib/thumb/v7e-m+fp/hard\libc_nano.a(lib_a-assert.o)
                                         0x3d (size before relaxing)
 .rodata._vfprintf_r.str1.1
                0x000000000803d767       0x11 f:/st/stm32cubeide_1.1.0/stm32cubeide/plugins/com.st.stm32cube.ide.mcu.externaltools.gnu-tools-for-stm32.10.3-2021.10.win32_1.0.100.202210260954/tools/bin/../lib/gcc/arm-none-eabi/10.3.1/../../../../arm-none-eabi/lib/thumb/v7e-m+fp/hard\libc_nano.a(lib_a-nano-vfprintf.o)
 .rodata._printf_i.str1.1
                0x000000000803d778       0x22 f:/st/stm32cubeide_1.1.0/stm32cubeide/plugins/com.st.stm32cube.ide.mcu.externaltools.gnu-tools-for-stm32.10.3-2021.10.win32_1.0.100.202210260954/tools/bin/../lib/gcc/arm-none-eabi/10.3.1/../../../../arm-none-eabi/lib/thumb/v7e-m+fp/hard\libc_nano.a(lib_a-nano-vfprintf_i.o)
 *fill*         0x000000000803d79a        0x2 
 .rodata.__sf_fake_stderr
                0x000000000803d79c       0x20 f:/st/stm32cubeide_1.1.0/stm32cubeide/plugins/com.st.stm32cube.ide.mcu.externaltools.gnu-tools-for-stm32.10.3-2021.10.win32_1.0.100.202210260954/tools/bin/../lib/gcc/arm-none-eabi/10.3.1/../../../../arm-none-eabi/lib/thumb/v7e-m+fp/hard\libc_nano.a(lib_a-findfp.o)
                0x000000000803d79c                __sf_fake_stderr
 .rodata.__sf_fake_stdin
                0x000000000803d7bc       0x20 f:/st/stm32cubeide_1.1.0/stm32cubeide/plugins/com.st.stm32cube.ide.mcu.externaltools.gnu-tools-for-stm32.10.3-2021.10.win32_1.0.100.202210260954/tools/bin/../lib/gcc/arm-none-eabi/10.3.1/../../../../arm-none-eabi/lib/thumb/v7e-m+fp/hard\libc_nano.a(lib_a-findfp.o)
                0x000000000803d7bc                __sf_fake_stdin
 .rodata.__sf_fake_stdout
                0x000000000803d7dc       0x20 f:/st/stm32cubeide_1.1.0/stm32cubeide/plugins/com.st.stm32cube.ide.mcu.externaltools.gnu-tools-for-stm32.10.3-2021.10.win32_1.0.100.202210260954/tools/bin/../lib/gcc/arm-none-eabi/10.3.1/../../../../arm-none-eabi/lib/thumb/v7e-m+fp/hard\libc_nano.a(lib_a-findfp.o)
                0x000000000803d7dc                __sf_fake_stdout
                0x000000000803d7fc                . = ALIGN (0x4)

.ARM.extab      0x000000000803d7fc        0x0
                0x000000000803d7fc                . = ALIGN (0x4)
 *(.ARM.extab* .gnu.linkonce.armextab.*)
                0x000000000803d7fc                . = ALIGN (0x4)

.ARM            0x000000000803d7fc        0x8
                0x000000000803d7fc                . = ALIGN (0x4)
                0x000000000803d7fc                __exidx_start = .
 *(.ARM.exidx*)
 .ARM.exidx     0x000000000803d7fc        0x8 f:/st/stm32cubeide_1.1.0/stm32cubeide/plugins/com.st.stm32cube.ide.mcu.externaltools.gnu-tools-for-stm32.10.3-2021.10.win32_1.0.100.202210260954/tools/bin/../lib/gcc/arm-none-eabi/10.3.1/thumb/v7e-m+fp/hard\libgcc.a(_udivmoddi4.o)
                0x000000000803d804                __exidx_end = .
                0x000000000803d804                . = ALIGN (0x4)

.rel.dyn        0x000000000803d804        0x0
 .rel.iplt      0x000000000803d804        0x0 f:/st/stm32cubeide_1.1.0/stm32cubeide/plugins/com.st.stm32cube.ide.mcu.externaltools.gnu-tools-for-stm32.10.3-2021.10.win32_1.0.100.202210260954/tools/bin/../lib/gcc/arm-none-eabi/10.3.1/thumb/v7e-m+fp/hard/crtbegin.o

.preinit_array  0x000000000803d804        0x0
                0x000000000803d804                . = ALIGN (0x4)
                0x000000000803d804                PROVIDE (__preinit_array_start = .)
 *(.preinit_array*)
                0x000000000803d804                PROVIDE (__preinit_array_end = .)
                0x000000000803d804                . = ALIGN (0x4)

.init_array     0x000000000803d804        0x4
                0x000000000803d804                . = ALIGN (0x4)
                0x000000000803d804                PROVIDE (__init_array_start = .)
 *(SORT_BY_NAME(.init_array.*))
 *(.init_array*)
 .init_array    0x000000000803d804        0x4 f:/st/stm32cubeide_1.1.0/stm32cubeide/plugins/com.st.stm32cube.ide.mcu.externaltools.gnu-tools-for-stm32.10.3-2021.10.win32_1.0.100.202210260954/tools/bin/../lib/gcc/arm-none-eabi/10.3.1/thumb/v7e-m+fp/hard/crtbegin.o
                0x000000000803d808                PROVIDE (__init_array_end = .)
                0x000000000803d808                . = ALIGN (0x4)

.fini_array     0x000000000803d808        0x4
                0x000000000803d808                . = ALIGN (0x4)
                [!provide]                        PROVIDE (__fini_array_start = .)
 *(SORT_BY_NAME(.fini_array.*))
 *(.fini_array*)
 .fini_array    0x000000000803d808        0x4 f:/st/stm32cubeide_1.1.0/stm32cubeide/plugins/com.st.stm32cube.ide.mcu.externaltools.gnu-tools-for-stm32.10.3-2021.10.win32_1.0.100.202210260954/tools/bin/../lib/gcc/arm-none-eabi/10.3.1/thumb/v7e-m+fp/hard/crtbegin.o
                [!provide]                        PROVIDE (__fini_array_end = .)
                0x000000000803d80c                . = ALIGN (0x4)
                0x000000000803d80c                _sidata = LOADADDR (.data)

.data           0x0000000020000000      0x174 load address 0x000000000803d80c
                0x0000000020000000                . = ALIGN (0x4)
                0x0000000020000000                _sdata = .
 *(.data)
 *(.data*)
 .data.SystemCoreClock
                0x0000000020000000        0x4 ./Core/Src/system_stm32f4xx.o
                0x0000000020000000                SystemCoreClock
 .data.Font_12x20
                0x0000000020000004        0xc ./Display/fonts.o
                0x0000000020000004                Font_12x20
 .data.Font_8x13
                0x0000000020000010        0xc ./Display/fonts.o
                0x0000000020000010                Font_8x13
 .data.ili9341_init_str
                0x000000002000001c       0x91 ./Display/ili9341.o
                0x000000002000001c                ili9341_init_str
 *fill*         0x00000000200000ad        0x3 
 .data.ili9341_setwin_str
                0x00000000200000b0       0x12 ./Display/ili9341.o
                0x00000000200000b0                ili9341_setwin_str
 *fill*         0x00000000200000c2        0x2 
 .data.ili9341_sleepin_str
                0x00000000200000c4        0x6 ./Display/ili9341.o
                0x00000000200000c4                ili9341_sleepin_str
 *fill*         0x00000000200000ca        0x2 
 .data.ili9341_sleepout_str
                0x00000000200000cc        0x6 ./Display/ili9341.o
                0x00000000200000cc                ili9341_sleepout_str
 *fill*         0x00000000200000d2        0x2 
 .data.Mp3_final
                0x00000000200000d4        0xc ./Music/mus_data.o
                0x00000000200000d4                Mp3_final
 .data.Mp3_intro
                0x00000000200000e0        0xc ./Music/mus_data.o
                0x00000000200000e0                Mp3_intro
 .data.Mp3_tema
                0x00000000200000ec        0xc ./Music/mus_data.o
                0x00000000200000ec                Mp3_tema
 .data.WAV_drum
                0x00000000200000f8        0xc ./Music/mus_data.o
                0x00000000200000f8                WAV_drum
 .data.WAV_you_move
                0x0000000020000104        0xc ./Music/mus_data.o
                0x0000000020000104                WAV_you_move
 .data._impure_ptr
                0x0000000020000110        0x4 f:/st/stm32cubeide_1.1.0/stm32cubeide/plugins/com.st.stm32cube.ide.mcu.externaltools.gnu-tools-for-stm32.10.3-2021.10.win32_1.0.100.202210260954/tools/bin/../lib/gcc/arm-none-eabi/10.3.1/../../../../arm-none-eabi/lib/thumb/v7e-m+fp/hard\libc_nano.a(lib_a-impure.o)
                0x0000000020000110                _impure_ptr
 .data.impure_data
                0x0000000020000114       0x60 f:/st/stm32cubeide_1.1.0/stm32cubeide/plugins/com.st.stm32cube.ide.mcu.externaltools.gnu-tools-for-stm32.10.3-2021.10.win32_1.0.100.202210260954/tools/bin/../lib/gcc/arm-none-eabi/10.3.1/../../../../arm-none-eabi/lib/thumb/v7e-m+fp/hard\libc_nano.a(lib_a-impure.o)
 *(.RamFunc)
 *(.RamFunc*)
                0x0000000020000174                . = ALIGN (0x4)
                0x0000000020000174                _edata = .

.igot.plt       0x0000000020000174        0x0 load address 0x000000000803d980
 .igot.plt      0x0000000020000174        0x0 f:/st/stm32cubeide_1.1.0/stm32cubeide/plugins/com.st.stm32cube.ide.mcu.externaltools.gnu-tools-for-stm32.10.3-2021.10.win32_1.0.100.202210260954/tools/bin/../lib/gcc/arm-none-eabi/10.3.1/thumb/v7e-m+fp/hard/crtbegin.o
                0x0000000020000174                . = ALIGN (0x4)

.bss            0x0000000020000174       0x44 load address 0x000000000803d980
                0x0000000020000174                _sbss = .
                0x0000000020000174                __bss_start__ = _sbss
 *(.bss)
 .bss           0x0000000020000174       0x1c f:/st/stm32cubeide_1.1.0/stm32cubeide/plugins/com.st.stm32cube.ide.mcu.externaltools.gnu-tools-for-stm32.10.3-2021.10.win32_1.0.100.202210260954/tools/bin/../lib/gcc/arm-none-eabi/10.3.1/thumb/v7e-m+fp/hard/crtbegin.o
 *(.bss*)
 .bss.millis    0x0000000020000190        0x4 ./Core/Src/main.o
                0x0000000020000190                millis
 .bss.__sbrk_heap_end
                0x0000000020000194        0x4 ./Core/Src/sysmem.o
 .bss.LCD       0x0000000020000198        0x4 ./Display/display.o
                0x0000000020000198                LCD
 .bss.mix_buffer
                0x000000002000019c        0x4 ./Music/player.o
                0x000000002000019c                mix_buffer
 .bss.players   0x00000000200001a0        0x4 ./Music/player.o
                0x00000000200001a0                players
 .bss.touch     0x00000000200001a4        0x4 ./XPT2046/xpt2046.o
                0x00000000200001a4                touch
 .bss.__malloc_free_list
                0x00000000200001a8        0x4 f:/st/stm32cubeide_1.1.0/stm32cubeide/plugins/com.st.stm32cube.ide.mcu.externaltools.gnu-tools-for-stm32.10.3-2021.10.win32_1.0.100.202210260954/tools/bin/../lib/gcc/arm-none-eabi/10.3.1/../../../../arm-none-eabi/lib/thumb/v7e-m+fp/hard\libc_nano.a(lib_a-nano-mallocr.o)
                0x00000000200001a8                __malloc_free_list
 .bss.__malloc_sbrk_start
                0x00000000200001ac        0x4 f:/st/stm32cubeide_1.1.0/stm32cubeide/plugins/com.st.stm32cube.ide.mcu.externaltools.gnu-tools-for-stm32.10.3-2021.10.win32_1.0.100.202210260954/tools/bin/../lib/gcc/arm-none-eabi/10.3.1/../../../../arm-none-eabi/lib/thumb/v7e-m+fp/hard\libc_nano.a(lib_a-nano-mallocr.o)
                0x00000000200001ac                __malloc_sbrk_start
 .bss.errno     0x00000000200001b0        0x4 f:/st/stm32cubeide_1.1.0/stm32cubeide/plugins/com.st.stm32cube.ide.mcu.externaltools.gnu-tools-for-stm32.10.3-2021.10.win32_1.0.100.202210260954/tools/bin/../lib/gcc/arm-none-eabi/10.3.1/../../../../arm-none-eabi/lib/thumb/v7e-m+fp/hard\libc_nano.a(lib_a-reent.o)
                0x00000000200001b0                errno
 .bss.__lock___malloc_recursive_mutex
                0x00000000200001b4        0x1 f:/st/stm32cubeide_1.1.0/stm32cubeide/plugins/com.st.stm32cube.ide.mcu.externaltools.gnu-tools-for-stm32.10.3-2021.10.win32_1.0.100.202210260954/tools/bin/../lib/gcc/arm-none-eabi/10.3.1/../../../../arm-none-eabi/lib/thumb/v7e-m+fp/hard\libc_nano.a(lib_a-lock.o)
                0x00000000200001b4                __lock___malloc_recursive_mutex
 .bss.__lock___sfp_recursive_mutex
                0x00000000200001b5        0x1 f:/st/stm32cubeide_1.1.0/stm32cubeide/plugins/com.st.stm32cube.ide.mcu.externaltools.gnu-tools-for-stm32.10.3-2021.10.win32_1.0.100.202210260954/tools/bin/../lib/gcc/arm-none-eabi/10.3.1/../../../../arm-none-eabi/lib/thumb/v7e-m+fp/hard\libc_nano.a(lib_a-lock.o)
                0x00000000200001b5                __lock___sfp_recursive_mutex
 .bss.__lock___sinit_recursive_mutex
                0x00000000200001b6        0x1 f:/st/stm32cubeide_1.1.0/stm32cubeide/plugins/com.st.stm32cube.ide.mcu.externaltools.gnu-tools-for-stm32.10.3-2021.10.win32_1.0.100.202210260954/tools/bin/../lib/gcc/arm-none-eabi/10.3.1/../../../../arm-none-eabi/lib/thumb/v7e-m+fp/hard\libc_nano.a(lib_a-lock.o)
                0x00000000200001b6                __lock___sinit_recursive_mutex
 *(COMMON)
                0x00000000200001b8                . = ALIGN (0x4)
 *fill*         0x00000000200001b7        0x1 
                0x00000000200001b8                _ebss = .
                0x00000000200001b8                __bss_end__ = _ebss

._user_heap_stack
                0x00000000200001b8      0x600 load address 0x000000000803d980
                0x00000000200001b8                . = ALIGN (0x8)
                [!provide]                        PROVIDE (end = .)
                0x00000000200001b8                PROVIDE (_end = .)
                0x00000000200003b8                . = (. + _Min_Heap_Size)
 *fill*         0x00000000200001b8      0x200 
                0x00000000200007b8                . = (. + _Min_Stack_Size)
 *fill*         0x00000000200003b8      0x400 
                0x00000000200007b8                . = ALIGN (0x8)

/DISCARD/
 libc.a(*)
 libm.a(*)
 libgcc.a(*)

.ARM.attributes
                0x0000000000000000       0x30
 *(.ARM.attributes)
 .ARM.attributes
                0x0000000000000000       0x1e f:/st/stm32cubeide_1.1.0/stm32cubeide/plugins/com.st.stm32cube.ide.mcu.externaltools.gnu-tools-for-stm32.10.3-2021.10.win32_1.0.100.202210260954/tools/bin/../lib/gcc/arm-none-eabi/10.3.1/thumb/v7e-m+fp/hard/crti.o
 .ARM.attributes
                0x000000000000001e       0x34 f:/st/stm32cubeide_1.1.0/stm32cubeide/plugins/com.st.stm32cube.ide.mcu.externaltools.gnu-tools-for-stm32.10.3-2021.10.win32_1.0.100.202210260954/tools/bin/../lib/gcc/arm-none-eabi/10.3.1/thumb/v7e-m+fp/hard/crtbegin.o
 .ARM.attributes
                0x0000000000000052       0x30 ./Core/Src/main.o
 .ARM.attributes
                0x0000000000000082       0x30 ./Core/Src/stm32f4xx_it.o
 .ARM.attributes
                0x00000000000000b2       0x30 ./Core/Src/syscalls.o
 .ARM.attributes
                0x00000000000000e2       0x30 ./Core/Src/sysmem.o
 .ARM.attributes
                0x0000000000000112       0x30 ./Core/Src/system_stm32f4xx.o
 .ARM.attributes
                0x0000000000000142       0x21 ./Core/Startup/startup_stm32f401ccux.o
 .ARM.attributes
                0x0000000000000163       0x30 ./Display/display.o
 .ARM.attributes
                0x0000000000000193       0x30 ./Display/fonts.o
 .ARM.attributes
                0x00000000000001c3       0x30 ./Display/ili9341.o
 .ARM.attributes
                0x00000000000001f3       0x30 ./Drivers/STM32F4xx_HAL_Driver/Src/stm32f4xx_ll_exti.o
 .ARM.attributes
                0x0000000000000223       0x30 ./Drivers/STM32F4xx_HAL_Driver/Src/stm32f4xx_ll_gpio.o
 .ARM.attributes
                0x0000000000000253       0x30 ./Drivers/STM32F4xx_HAL_Driver/Src/stm32f4xx_ll_rcc.o
 .ARM.attributes
                0x0000000000000283       0x30 ./Drivers/STM32F4xx_HAL_Driver/Src/stm32f4xx_ll_spi.o
 .ARM.attributes
                0x00000000000002b3       0x30 ./Drivers/STM32F4xx_HAL_Driver/Src/stm32f4xx_ll_tim.o
 .ARM.attributes
                0x00000000000002e3       0x30 ./Drivers/STM32F4xx_HAL_Driver/Src/stm32f4xx_ll_utils.o
 .ARM.attributes
                0x0000000000000313       0x25 ./MP3Helix/src/asmpoly_thumb2.o
 .ARM.attributes
                0x0000000000000338       0x30 ./MP3Helix/src/bitstream.o
 .ARM.attributes
                0x0000000000000368       0x30 ./MP3Helix/src/buffers.o
 .ARM.attributes
                0x0000000000000398       0x30 ./MP3Helix/src/dct32.o
 .ARM.attributes
                0x00000000000003c8       0x30 ./MP3Helix/src/dequant.o
 .ARM.attributes
                0x00000000000003f8       0x30 ./MP3Helix/src/dqchan.o
 .ARM.attributes
                0x0000000000000428       0x30 ./MP3Helix/src/huffman.o
 .ARM.attributes
                0x0000000000000458       0x30 ./MP3Helix/src/hufftabs.o
 .ARM.attributes
                0x0000000000000488       0x30 ./MP3Helix/src/imdct.o
 .ARM.attributes
                0x00000000000004b8       0x30 ./MP3Helix/src/mp3dec.o
 .ARM.attributes
                0x00000000000004e8       0x30 ./MP3Helix/src/mp3tabs.o
 .ARM.attributes
                0x0000000000000518       0x30 ./MP3Helix/src/scalfact.o
 .ARM.attributes
                0x0000000000000548       0x30 ./MP3Helix/src/stproc.o
 .ARM.attributes
                0x0000000000000578       0x30 ./MP3Helix/src/subband.o
 .ARM.attributes
                0x00000000000005a8       0x30 ./MP3Helix/src/trigtabs.o
 .ARM.attributes
                0x00000000000005d8       0x30 ./Music/mp3_callback.o
 .ARM.attributes
                0x0000000000000608       0x30 ./Music/mus_data.o
 .ARM.attributes
                0x0000000000000638       0x30 ./Music/player.o
 .ARM.attributes
                0x0000000000000668       0x30 ./Music/wav_callback.o
 .ARM.attributes
                0x0000000000000698       0x30 ./PCM5102/pcm5102.o
 .ARM.attributes
                0x00000000000006c8       0x30 ./XPT2046/calibrate_touch.o
 .ARM.attributes
                0x00000000000006f8       0x30 ./XPT2046/xpt2046.o
 .ARM.attributes
                0x0000000000000728       0x34 f:/st/stm32cubeide_1.1.0/stm32cubeide/plugins/com.st.stm32cube.ide.mcu.externaltools.gnu-tools-for-stm32.10.3-2021.10.win32_1.0.100.202210260954/tools/bin/../lib/gcc/arm-none-eabi/10.3.1/../../../../arm-none-eabi/lib/thumb/v7e-m+fp/hard\libc_nano.a(lib_a-calloc.o)
 .ARM.attributes
                0x000000000000075c       0x34 f:/st/stm32cubeide_1.1.0/stm32cubeide/plugins/com.st.stm32cube.ide.mcu.externaltools.gnu-tools-for-stm32.10.3-2021.10.win32_1.0.100.202210260954/tools/bin/../lib/gcc/arm-none-eabi/10.3.1/../../../../arm-none-eabi/lib/thumb/v7e-m+fp/hard\libc_nano.a(lib_a-errno.o)
 .ARM.attributes
                0x0000000000000790       0x34 f:/st/stm32cubeide_1.1.0/stm32cubeide/plugins/com.st.stm32cube.ide.mcu.externaltools.gnu-tools-for-stm32.10.3-2021.10.win32_1.0.100.202210260954/tools/bin/../lib/gcc/arm-none-eabi/10.3.1/../../../../arm-none-eabi/lib/thumb/v7e-m+fp/hard\libc_nano.a(lib_a-impure.o)
 .ARM.attributes
                0x00000000000007c4       0x34 f:/st/stm32cubeide_1.1.0/stm32cubeide/plugins/com.st.stm32cube.ide.mcu.externaltools.gnu-tools-for-stm32.10.3-2021.10.win32_1.0.100.202210260954/tools/bin/../lib/gcc/arm-none-eabi/10.3.1/../../../../arm-none-eabi/lib/thumb/v7e-m+fp/hard\libc_nano.a(lib_a-init.o)
 .ARM.attributes
                0x00000000000007f8       0x34 f:/st/stm32cubeide_1.1.0/stm32cubeide/plugins/com.st.stm32cube.ide.mcu.externaltools.gnu-tools-for-stm32.10.3-2021.10.win32_1.0.100.202210260954/tools/bin/../lib/gcc/arm-none-eabi/10.3.1/../../../../arm-none-eabi/lib/thumb/v7e-m+fp/hard\libc_nano.a(lib_a-malloc.o)
 .ARM.attributes
                0x000000000000082c       0x34 f:/st/stm32cubeide_1.1.0/stm32cubeide/plugins/com.st.stm32cube.ide.mcu.externaltools.gnu-tools-for-stm32.10.3-2021.10.win32_1.0.100.202210260954/tools/bin/../lib/gcc/arm-none-eabi/10.3.1/../../../../arm-none-eabi/lib/thumb/v7e-m+fp/hard\libc_nano.a(lib_a-memcpy-stub.o)
 .ARM.attributes
                0x0000000000000860       0x34 f:/st/stm32cubeide_1.1.0/stm32cubeide/plugins/com.st.stm32cube.ide.mcu.externaltools.gnu-tools-for-stm32.10.3-2021.10.win32_1.0.100.202210260954/tools/bin/../lib/gcc/arm-none-eabi/10.3.1/../../../../arm-none-eabi/lib/thumb/v7e-m+fp/hard\libc_nano.a(lib_a-memmove.o)
 .ARM.attributes
                0x0000000000000894       0x34 f:/st/stm32cubeide_1.1.0/stm32cubeide/plugins/com.st.stm32cube.ide.mcu.externaltools.gnu-tools-for-stm32.10.3-2021.10.win32_1.0.100.202210260954/tools/bin/../lib/gcc/arm-none-eabi/10.3.1/../../../../arm-none-eabi/lib/thumb/v7e-m+fp/hard\libc_nano.a(lib_a-memset.o)
 .ARM.attributes
                0x00000000000008c8       0x34 f:/st/stm32cubeide_1.1.0/stm32cubeide/plugins/com.st.stm32cube.ide.mcu.externaltools.gnu-tools-for-stm32.10.3-2021.10.win32_1.0.100.202210260954/tools/bin/../lib/gcc/arm-none-eabi/10.3.1/../../../../arm-none-eabi/lib/thumb/v7e-m+fp/hard\libc_nano.a(lib_a-nano-callocr.o)
 .ARM.attributes
                0x00000000000008fc       0x34 f:/st/stm32cubeide_1.1.0/stm32cubeide/plugins/com.st.stm32cube.ide.mcu.externaltools.gnu-tools-for-stm32.10.3-2021.10.win32_1.0.100.202210260954/tools/bin/../lib/gcc/arm-none-eabi/10.3.1/../../../../arm-none-eabi/lib/thumb/v7e-m+fp/hard\libc_nano.a(lib_a-nano-freer.o)
 .ARM.attributes
                0x0000000000000930       0x34 f:/st/stm32cubeide_1.1.0/stm32cubeide/plugins/com.st.stm32cube.ide.mcu.externaltools.gnu-tools-for-stm32.10.3-2021.10.win32_1.0.100.202210260954/tools/bin/../lib/gcc/arm-none-eabi/10.3.1/../../../../arm-none-eabi/lib/thumb/v7e-m+fp/hard\libc_nano.a(lib_a-nano-mallocr.o)
 .ARM.attributes
                0x0000000000000964       0x34 f:/st/stm32cubeide_1.1.0/stm32cubeide/plugins/com.st.stm32cube.ide.mcu.externaltools.gnu-tools-for-stm32.10.3-2021.10.win32_1.0.100.202210260954/tools/bin/../lib/gcc/arm-none-eabi/10.3.1/../../../../arm-none-eabi/lib/thumb/v7e-m+fp/hard\libc_nano.a(lib_a-rand.o)
 .ARM.attributes
                0x0000000000000998       0x34 f:/st/stm32cubeide_1.1.0/stm32cubeide/plugins/com.st.stm32cube.ide.mcu.externaltools.gnu-tools-for-stm32.10.3-2021.10.win32_1.0.100.202210260954/tools/bin/../lib/gcc/arm-none-eabi/10.3.1/../../../../arm-none-eabi/lib/thumb/v7e-m+fp/hard\libc_nano.a(lib_a-sbrkr.o)
 .ARM.attributes
                0x00000000000009cc       0x34 f:/st/stm32cubeide_1.1.0/stm32cubeide/plugins/com.st.stm32cube.ide.mcu.externaltools.gnu-tools-for-stm32.10.3-2021.10.win32_1.0.100.202210260954/tools/bin/../lib/gcc/arm-none-eabi/10.3.1/../../../../arm-none-eabi/lib/thumb/v7e-m+fp/hard\libc_nano.a(lib_a-stpcpy.o)
 .ARM.attributes
                0x0000000000000a00       0x34 f:/st/stm32cubeide_1.1.0/stm32cubeide/plugins/com.st.stm32cube.ide.mcu.externaltools.gnu-tools-for-stm32.10.3-2021.10.win32_1.0.100.202210260954/tools/bin/../lib/gcc/arm-none-eabi/10.3.1/../../../../arm-none-eabi/lib/thumb/v7e-m+fp/hard\libc_nano.a(lib_a-strcpy.o)
 .ARM.attributes
                0x0000000000000a34       0x17 f:/st/stm32cubeide_1.1.0/stm32cubeide/plugins/com.st.stm32cube.ide.mcu.externaltools.gnu-tools-for-stm32.10.3-2021.10.win32_1.0.100.202210260954/tools/bin/../lib/gcc/arm-none-eabi/10.3.1/../../../../arm-none-eabi/lib/thumb/v7e-m+fp/hard\libc_nano.a(lib_a-strlen.o)
 .ARM.attributes
                0x0000000000000a4b       0x34 f:/st/stm32cubeide_1.1.0/stm32cubeide/plugins/com.st.stm32cube.ide.mcu.externaltools.gnu-tools-for-stm32.10.3-2021.10.win32_1.0.100.202210260954/tools/bin/../lib/gcc/arm-none-eabi/10.3.1/../../../../arm-none-eabi/lib/thumb/v7e-m+fp/hard\libc_nano.a(lib_a-utoa.o)
 .ARM.attributes
                0x0000000000000a7f       0x34 f:/st/stm32cubeide_1.1.0/stm32cubeide/plugins/com.st.stm32cube.ide.mcu.externaltools.gnu-tools-for-stm32.10.3-2021.10.win32_1.0.100.202210260954/tools/bin/../lib/gcc/arm-none-eabi/10.3.1/../../../../arm-none-eabi/lib/thumb/v7e-m+fp/hard\libc_nano.a(lib_a-assert.o)
 .ARM.attributes
                0x0000000000000ab3       0x34 f:/st/stm32cubeide_1.1.0/stm32cubeide/plugins/com.st.stm32cube.ide.mcu.externaltools.gnu-tools-for-stm32.10.3-2021.10.win32_1.0.100.202210260954/tools/bin/../lib/gcc/arm-none-eabi/10.3.1/../../../../arm-none-eabi/lib/thumb/v7e-m+fp/hard\libc_nano.a(lib_a-fprintf.o)
 .ARM.attributes
                0x0000000000000ae7       0x34 f:/st/stm32cubeide_1.1.0/stm32cubeide/plugins/com.st.stm32cube.ide.mcu.externaltools.gnu-tools-for-stm32.10.3-2021.10.win32_1.0.100.202210260954/tools/bin/../lib/gcc/arm-none-eabi/10.3.1/../../../../arm-none-eabi/lib/thumb/v7e-m+fp/hard\libc_nano.a(lib_a-mlock.o)
 .ARM.attributes
                0x0000000000000b1b       0x34 f:/st/stm32cubeide_1.1.0/stm32cubeide/plugins/com.st.stm32cube.ide.mcu.externaltools.gnu-tools-for-stm32.10.3-2021.10.win32_1.0.100.202210260954/tools/bin/../lib/gcc/arm-none-eabi/10.3.1/../../../../arm-none-eabi/lib/thumb/v7e-m+fp/hard\libc_nano.a(lib_a-nano-vfprintf.o)
 .ARM.attributes
                0x0000000000000b4f       0x34 f:/st/stm32cubeide_1.1.0/stm32cubeide/plugins/com.st.stm32cube.ide.mcu.externaltools.gnu-tools-for-stm32.10.3-2021.10.win32_1.0.100.202210260954/tools/bin/../lib/gcc/arm-none-eabi/10.3.1/../../../../arm-none-eabi/lib/thumb/v7e-m+fp/hard\libc_nano.a(lib_a-nano-vfprintf_i.o)
 .ARM.attributes
                0x0000000000000b83       0x34 f:/st/stm32cubeide_1.1.0/stm32cubeide/plugins/com.st.stm32cube.ide.mcu.externaltools.gnu-tools-for-stm32.10.3-2021.10.win32_1.0.100.202210260954/tools/bin/../lib/gcc/arm-none-eabi/10.3.1/../../../../arm-none-eabi/lib/thumb/v7e-m+fp/hard\libc_nano.a(lib_a-reent.o)
 .ARM.attributes
                0x0000000000000bb7       0x34 f:/st/stm32cubeide_1.1.0/stm32cubeide/plugins/com.st.stm32cube.ide.mcu.externaltools.gnu-tools-for-stm32.10.3-2021.10.win32_1.0.100.202210260954/tools/bin/../lib/gcc/arm-none-eabi/10.3.1/../../../../arm-none-eabi/lib/thumb/v7e-m+fp/hard\libc_nano.a(lib_a-wbuf.o)
 .ARM.attributes
                0x0000000000000beb       0x34 f:/st/stm32cubeide_1.1.0/stm32cubeide/plugins/com.st.stm32cube.ide.mcu.externaltools.gnu-tools-for-stm32.10.3-2021.10.win32_1.0.100.202210260954/tools/bin/../lib/gcc/arm-none-eabi/10.3.1/../../../../arm-none-eabi/lib/thumb/v7e-m+fp/hard\libc_nano.a(lib_a-wsetup.o)
 .ARM.attributes
                0x0000000000000c1f       0x34 f:/st/stm32cubeide_1.1.0/stm32cubeide/plugins/com.st.stm32cube.ide.mcu.externaltools.gnu-tools-for-stm32.10.3-2021.10.win32_1.0.100.202210260954/tools/bin/../lib/gcc/arm-none-eabi/10.3.1/../../../../arm-none-eabi/lib/thumb/v7e-m+fp/hard\libc_nano.a(lib_a-abort.o)
 .ARM.attributes
                0x0000000000000c53       0x34 f:/st/stm32cubeide_1.1.0/stm32cubeide/plugins/com.st.stm32cube.ide.mcu.externaltools.gnu-tools-for-stm32.10.3-2021.10.win32_1.0.100.202210260954/tools/bin/../lib/gcc/arm-none-eabi/10.3.1/../../../../arm-none-eabi/lib/thumb/v7e-m+fp/hard\libc_nano.a(lib_a-fflush.o)
 .ARM.attributes
                0x0000000000000c87       0x34 f:/st/stm32cubeide_1.1.0/stm32cubeide/plugins/com.st.stm32cube.ide.mcu.externaltools.gnu-tools-for-stm32.10.3-2021.10.win32_1.0.100.202210260954/tools/bin/../lib/gcc/arm-none-eabi/10.3.1/../../../../arm-none-eabi/lib/thumb/v7e-m+fp/hard\libc_nano.a(lib_a-findfp.o)
 .ARM.attributes
                0x0000000000000cbb       0x34 f:/st/stm32cubeide_1.1.0/stm32cubeide/plugins/com.st.stm32cube.ide.mcu.externaltools.gnu-tools-for-stm32.10.3-2021.10.win32_1.0.100.202210260954/tools/bin/../lib/gcc/arm-none-eabi/10.3.1/../../../../arm-none-eabi/lib/thumb/v7e-m+fp/hard\libc_nano.a(lib_a-fwalk.o)
 .ARM.attributes
                0x0000000000000cef       0x34 f:/st/stm32cubeide_1.1.0/stm32cubeide/plugins/com.st.stm32cube.ide.mcu.externaltools.gnu-tools-for-stm32.10.3-2021.10.win32_1.0.100.202210260954/tools/bin/../lib/gcc/arm-none-eabi/10.3.1/../../../../arm-none-eabi/lib/thumb/v7e-m+fp/hard\libc_nano.a(lib_a-lock.o)
 .ARM.attributes
                0x0000000000000d23       0x34 f:/st/stm32cubeide_1.1.0/stm32cubeide/plugins/com.st.stm32cube.ide.mcu.externaltools.gnu-tools-for-stm32.10.3-2021.10.win32_1.0.100.202210260954/tools/bin/../lib/gcc/arm-none-eabi/10.3.1/../../../../arm-none-eabi/lib/thumb/v7e-m+fp/hard\libc_nano.a(lib_a-makebuf.o)
 .ARM.attributes
                0x0000000000000d57       0x1c f:/st/stm32cubeide_1.1.0/stm32cubeide/plugins/com.st.stm32cube.ide.mcu.externaltools.gnu-tools-for-stm32.10.3-2021.10.win32_1.0.100.202210260954/tools/bin/../lib/gcc/arm-none-eabi/10.3.1/../../../../arm-none-eabi/lib/thumb/v7e-m+fp/hard\libc_nano.a(lib_a-memchr.o)
 .ARM.attributes
                0x0000000000000d73       0x34 f:/st/stm32cubeide_1.1.0/stm32cubeide/plugins/com.st.stm32cube.ide.mcu.externaltools.gnu-tools-for-stm32.10.3-2021.10.win32_1.0.100.202210260954/tools/bin/../lib/gcc/arm-none-eabi/10.3.1/../../../../arm-none-eabi/lib/thumb/v7e-m+fp/hard\libc_nano.a(lib_a-signal.o)
 .ARM.attributes
                0x0000000000000da7       0x34 f:/st/stm32cubeide_1.1.0/stm32cubeide/plugins/com.st.stm32cube.ide.mcu.externaltools.gnu-tools-for-stm32.10.3-2021.10.win32_1.0.100.202210260954/tools/bin/../lib/gcc/arm-none-eabi/10.3.1/../../../../arm-none-eabi/lib/thumb/v7e-m+fp/hard\libc_nano.a(lib_a-signalr.o)
 .ARM.attributes
                0x0000000000000ddb       0x34 f:/st/stm32cubeide_1.1.0/stm32cubeide/plugins/com.st.stm32cube.ide.mcu.externaltools.gnu-tools-for-stm32.10.3-2021.10.win32_1.0.100.202210260954/tools/bin/../lib/gcc/arm-none-eabi/10.3.1/../../../../arm-none-eabi/lib/thumb/v7e-m+fp/hard\libc_nano.a(lib_a-stdio.o)
 .ARM.attributes
                0x0000000000000e0f       0x34 f:/st/stm32cubeide_1.1.0/stm32cubeide/plugins/com.st.stm32cube.ide.mcu.externaltools.gnu-tools-for-stm32.10.3-2021.10.win32_1.0.100.202210260954/tools/bin/../lib/gcc/arm-none-eabi/10.3.1/../../../../arm-none-eabi/lib/thumb/v7e-m+fp/hard\libc_nano.a(lib_a-writer.o)
 .ARM.attributes
                0x0000000000000e43       0x34 f:/st/stm32cubeide_1.1.0/stm32cubeide/plugins/com.st.stm32cube.ide.mcu.externaltools.gnu-tools-for-stm32.10.3-2021.10.win32_1.0.100.202210260954/tools/bin/../lib/gcc/arm-none-eabi/10.3.1/../../../../arm-none-eabi/lib/thumb/v7e-m+fp/hard\libc_nano.a(lib_a-closer.o)
 .ARM.attributes
                0x0000000000000e77       0x34 f:/st/stm32cubeide_1.1.0/stm32cubeide/plugins/com.st.stm32cube.ide.mcu.externaltools.gnu-tools-for-stm32.10.3-2021.10.win32_1.0.100.202210260954/tools/bin/../lib/gcc/arm-none-eabi/10.3.1/../../../../arm-none-eabi/lib/thumb/v7e-m+fp/hard\libc_nano.a(lib_a-fstatr.o)
 .ARM.attributes
                0x0000000000000eab       0x34 f:/st/stm32cubeide_1.1.0/stm32cubeide/plugins/com.st.stm32cube.ide.mcu.externaltools.gnu-tools-for-stm32.10.3-2021.10.win32_1.0.100.202210260954/tools/bin/../lib/gcc/arm-none-eabi/10.3.1/../../../../arm-none-eabi/lib/thumb/v7e-m+fp/hard\libc_nano.a(lib_a-isattyr.o)
 .ARM.attributes
                0x0000000000000edf       0x34 f:/st/stm32cubeide_1.1.0/stm32cubeide/plugins/com.st.stm32cube.ide.mcu.externaltools.gnu-tools-for-stm32.10.3-2021.10.win32_1.0.100.202210260954/tools/bin/../lib/gcc/arm-none-eabi/10.3.1/../../../../arm-none-eabi/lib/thumb/v7e-m+fp/hard\libc_nano.a(lib_a-lseekr.o)
 .ARM.attributes
                0x0000000000000f13       0x34 f:/st/stm32cubeide_1.1.0/stm32cubeide/plugins/com.st.stm32cube.ide.mcu.externaltools.gnu-tools-for-stm32.10.3-2021.10.win32_1.0.100.202210260954/tools/bin/../lib/gcc/arm-none-eabi/10.3.1/../../../../arm-none-eabi/lib/thumb/v7e-m+fp/hard\libc_nano.a(lib_a-readr.o)
 .ARM.attributes
                0x0000000000000f47       0x1e f:/st/stm32cubeide_1.1.0/stm32cubeide/plugins/com.st.stm32cube.ide.mcu.externaltools.gnu-tools-for-stm32.10.3-2021.10.win32_1.0.100.202210260954/tools/bin/../lib/gcc/arm-none-eabi/10.3.1/thumb/v7e-m+fp/hard\libgcc.a(_aeabi_ldivmod.o)
 .ARM.attributes
                0x0000000000000f65       0x34 f:/st/stm32cubeide_1.1.0/stm32cubeide/plugins/com.st.stm32cube.ide.mcu.externaltools.gnu-tools-for-stm32.10.3-2021.10.win32_1.0.100.202210260954/tools/bin/../lib/gcc/arm-none-eabi/10.3.1/thumb/v7e-m+fp/hard\libgcc.a(_udivmoddi4.o)
 .ARM.attributes
                0x0000000000000f99       0x1e f:/st/stm32cubeide_1.1.0/stm32cubeide/plugins/com.st.stm32cube.ide.mcu.externaltools.gnu-tools-for-stm32.10.3-2021.10.win32_1.0.100.202210260954/tools/bin/../lib/gcc/arm-none-eabi/10.3.1/thumb/v7e-m+fp/hard\libgcc.a(_dvmd_tls.o)
 .ARM.attributes
                0x0000000000000fb7       0x1e f:/st/stm32cubeide_1.1.0/stm32cubeide/plugins/com.st.stm32cube.ide.mcu.externaltools.gnu-tools-for-stm32.10.3-2021.10.win32_1.0.100.202210260954/tools/bin/../lib/gcc/arm-none-eabi/10.3.1/thumb/v7e-m+fp/hard/crtn.o
OUTPUT(stm32f401ccu6_TicTakToe_touch_audio_display.elf elf32-littlearm)
LOAD linker stubs
LOAD f:/st/stm32cubeide_1.1.0/stm32cubeide/plugins/com.st.stm32cube.ide.mcu.externaltools.gnu-tools-for-stm32.10.3-2021.10.win32_1.0.100.202210260954/tools/bin/../lib/gcc/arm-none-eabi/10.3.1/../../../../arm-none-eabi/lib/thumb/v7e-m+fp/hard\libc.a
LOAD f:/st/stm32cubeide_1.1.0/stm32cubeide/plugins/com.st.stm32cube.ide.mcu.externaltools.gnu-tools-for-stm32.10.3-2021.10.win32_1.0.100.202210260954/tools/bin/../lib/gcc/arm-none-eabi/10.3.1/../../../../arm-none-eabi/lib/thumb/v7e-m+fp/hard\libm.a
LOAD f:/st/stm32cubeide_1.1.0/stm32cubeide/plugins/com.st.stm32cube.ide.mcu.externaltools.gnu-tools-for-stm32.10.3-2021.10.win32_1.0.100.202210260954/tools/bin/../lib/gcc/arm-none-eabi/10.3.1/thumb/v7e-m+fp/hard\libgcc.a

.comment        0x0000000000000000       0x50
 .comment       0x0000000000000000       0x50 ./Core/Src/main.o
                                         0x51 (size before relaxing)
 .comment       0x0000000000000050       0x51 ./Core/Src/stm32f4xx_it.o
 .comment       0x0000000000000050       0x51 ./Core/Src/syscalls.o
 .comment       0x0000000000000050       0x51 ./Core/Src/sysmem.o
 .comment       0x0000000000000050       0x51 ./Core/Src/system_stm32f4xx.o
 .comment       0x0000000000000050       0x51 ./Display/display.o
 .comment       0x0000000000000050       0x51 ./Display/fonts.o
 .comment       0x0000000000000050       0x51 ./Display/ili9341.o
 .comment       0x0000000000000050       0x51 ./Drivers/STM32F4xx_HAL_Driver/Src/stm32f4xx_ll_exti.o
 .comment       0x0000000000000050       0x51 ./Drivers/STM32F4xx_HAL_Driver/Src/stm32f4xx_ll_gpio.o
 .comment       0x0000000000000050       0x51 ./Drivers/STM32F4xx_HAL_Driver/Src/stm32f4xx_ll_rcc.o
 .comment       0x0000000000000050       0x51 ./Drivers/STM32F4xx_HAL_Driver/Src/stm32f4xx_ll_spi.o
 .comment       0x0000000000000050       0x51 ./Drivers/STM32F4xx_HAL_Driver/Src/stm32f4xx_ll_tim.o